******************************************************************************
                  TI ARM Linker PC v20.2.1                     
******************************************************************************
>> Linked Mon Jan 25 09:19:32 2021

OUTPUT FILE NAME:   <tcp_client_v4.out>
ENTRY POINT SYMBOL: "_c_int00"  address: 0000ef8d


MEMORY CONFIGURATION

         name            origin    length      used     unused   attr    fill
----------------------  --------  ---------  --------  --------  ----  --------
  FLASH                 00000000   00100000  0001606f  000e9f91  R  X
  SRAM                  20000000   00040000  00027210  00018df0  RW X


SEGMENT ALLOCATION MAP

run origin  load origin   length   init length attrs members
----------  ----------- ---------- ----------- ----- -------
00000000    00000000    00016080   00016080    r-x
  00000000    00000000    0000003c   0000003c    r-- .resetVecs
  00000040    00000040    00013652   00013652    r-x .text
  00013698    00013698    000025a1   000025a1    r-- .const
  00015c40    00015c40    00000440   00000440    r-- .cinit
20000000    20000000    00000360   00000000    rw-
  20000000    20000000    00000360   00000000    rw- .vecs
20000380    20000380    00026eb0   00000000    rw-
  20000380    20000380    00025d40   00000000    rw- .bss
  200260c0    200260c0    00000970   00000000    rw- .data
  20026a30    20026a30    00000800   00000000    rw- .stack


SECTION ALLOCATION MAP

 output                                  attributes/
section   page    origin      length       input sections
--------  ----  ----------  ----------   ----------------
.text      0    00000040    00013652     
                  00000040    00000c68     stk.aem4f : tcpin.oem4f (.text:TcpInput)
                  00000ca8    00000a4e     rtsv7M4_T_le_v4SPD16_eabi.lib : _printfi.c.obj (.text:__TI_printfi)
                  000016f6    00000002     hal_userled_stub.aem4f : llled.oem4f (.text:LED_TOGGLE)
                  000016f8    000008b8     stk.aem4f : tcpout.oem4f (.text:TcpOutput)
                  00001fb0    00000460     rtsv7M4_T_le_v4SPD16_eabi.lib : strtod.c.obj (.text:strtod)
                  00002410    00000430     sysbios.aem4f : BIOS.obj (.text:ti_sysbios_family_arm_m3_Hwi_excDumpRegs__I)
                  00002840    00000408     stk.aem4f : ipout.oem4f (.text:IPTxPacket)
                  00002c48    00000384               : ipin.oem4f (.text:IPRxPacket)
                  00002fcc    0000034c     ti.targets.arm.rtsarm.aem4f : System.oem4f (.text:xdc_runtime_System_doPrint__I)
                  00003318    000002f4     httpget.obj (.text:serverSocketTask)
                  0000360c    00000284     stk.aem4f : sock.oem4f (.text:SockSet)
                  00003890    00000270     rtsv7M4_T_le_v4SPD16_eabi.lib : _printfi.c.obj (.text:_pconv_a)
                  00003b00    0000024c     stk.aem4f : ipfrag.oem4f (.text:IPReasm)
                  00003d4c    0000023c               : icmpin.oem4f (.text:ICMPInput)
                  00003f88    00000238               : udp.oem4f (.text:UdpInput)
                  000041c0    00000204     Boot.aem4f : Boot_sysctl.oem4f (.text:ti_catalog_arm_cortexm4_tiva_ce_Boot_sysCtlClockFreqSetI__I)
                  000043c4    000001f4     stk.aem4f : sock.oem4f (.text:SockRecv)
                  000045b8    000001f4     sysbios.aem4f : BIOS.obj (.text:ti_sysbios_family_arm_m3_Hwi_excHandlerMax__I)
                  000047ac    000001d0     rtsv7M4_T_le_v4SPD16_eabi.lib : _printfi.c.obj (.text:_pconv_g)
                  0000497c    000001b8     drivers_tivaware.aem4f : EMACSnow.oem4f (.text:EMACSnow_NIMUInit)
                  00004b34    000001b6     rtsv7M4_T_le_v4SPD16_eabi.lib : fd_add_t2.asm.obj (.text)
                  00004cea    00000002     stk.aem4f : nat.oem4f (.text:NatMsg)
                  00004cec    000001b0               : lliout.oem4f (.text:LLITxIpPacket)
                  00004e9c    000001ac               : lliin.oem4f (.text:LLIRxPacket)
                  00005048    0000019c     os.aem4f : mem.oem4f (.text:mmAlloc)
                  000051e4    00000198     stk.aem4f : igmp.oem4f (.text:IGMPInput)
                  0000537c    00000190               : sock.oem4f (.text:SockNew)
                  0000550c    00000174     netctrl_min_ipv4.aem4f : netctrl.oem4f (.text:NC_NetStart)
                  00005680    00000174     sysbios.aem4f : BIOS.obj (.text:ti_sysbios_family_arm_m3_Hwi_excBusFault__I)
                  000057f4    00000170     stk.aem4f : rtc.oem4f (.text:RTCReport)
                  00005964    0000016a               : sb.oem4f (.text:SBRead)
                  00005ace    00000002     os.aem4f : task.oem4f (.text:_TaskInit)
                  00005ad0    00000164     sysbios.aem4f : BIOS.obj (.text:ti_sysbios_family_arm_m3_Hwi_excUsageFault__I)
                  00005c34    00000160     stk.aem4f : sock.oem4f (.text:SockConnect)
                  00005d94    00000158     nettool_ipv4.aem4f : dhcpmain.oem4f (.text:DHCPOpen)
                  00005eec    00000004     stk.aem4f : bind.oem4f (.text:BindGetIF)
                  00005ef0    00000154     sysbios.aem4f : BIOS.obj (.text:ti_sysbios_knl_Semaphore_pend__E)
                  00006044    00000150     drivers_tivaware.aem4f : GPIOTiva.oem4f (.text:GPIO_setConfig)
                  00006194    00000004     stk.aem4f : bind.oem4f (.text:BindGetNext)
                  00006198    00000150     sysbios.aem4f : BIOS.obj (.text:ti_sysbios_knl_Task_Instance_finalize__E)
                  000062e8    00000148                   : BIOS.obj (.text:ti_sysbios_family_arm_m3_Hwi_excMemFault__I)
                  00006430    00000144     stk.aem4f : bind.oem4f (.text:BindNew)
                  00006574    00000140               : tcp.oem4f (.text:TcpTimeoutCheck)
                  000066b4    0000013c     nettool_ipv4.aem4f : config.oem4f (.text:CfgAddEntry)
                  000067f0    0000013c     stk.aem4f : sockint.oem4f (.text:SockNotify)
                  0000692c    0000013c               : sock.oem4f (.text:SockSend)
                  00006a68    0000013c     rtsv7M4_T_le_v4SPD16_eabi.lib : _printfi.c.obj (.text:_pconv_e)
                  00006ba4    00000136                                   : fd_div_t2.asm.obj (.text)
                  00006cda    00000002     os.aem4f : task.oem4f (.text:_TaskShutdown)
                  00006cdc    00000134     stk.aem4f : icmp.oem4f (.text:ICMPGenPacket)
                  00006e10    00000131     httpget.obj (.text:sendData2Server)
                  00006f41    00000001     --HOLE-- [fill = 0]
                  00006f42    00000130     driverlib.lib : gpio.obj (.text:GPIOPadConfigSet)
                  00007072    00000002     hal_ser_stub.aem4f : llserstb.oem4f (.text:_llSerialServiceCheck)
                  00007074    0000012c     EK_TM4C1294XL.obj (.text:EK_TM4C1294XL_initEMAC)
                  000071a0    00000124     stk.aem4f : sockpcb.oem4f (.text:SockPcbResolve)
                  000072c4    00000124               : udp.oem4f (.text:UdpOutput)
                  000073e8    00000124     rtsv7M4_T_le_v4SPD16_eabi.lib : _printfi.c.obj (.text:fcvt)
                  0000750c    00000120     httpget_pem4f.oem4f (.text:ti_ndk_config_Global_stackThread)
                  0000762c    00000118     stk.aem4f : tcpout.oem4f (.text:TcpGenPacket)
                  00007744    00000118     ti.targets.arm.rtsarm.aem4f : Error.oem4f (.text:xdc_runtime_Error_policyDefault__E)
                  0000785c    00000114     stk.aem4f : nimu.oem4f (.text:NIMUIoctl)
                  00007970    00000110               : node.oem4f (.text:NodeTreeFree)
                  00007a80    00000110               : raw.oem4f (.text:RawInput)
                  00007b90    00000110     rtsv7M4_T_le_v4SPD16_eabi.lib : s_scalbn.c.obj (.text:scalbn)
                  00007ca0    0000010c     stk.aem4f : rtable.oem4f (.text:RtFind)
                  00007dac    0000010a               : route.oem4f (.text:RtCreate)
                  00007eb6    00000002     hal_ser_stub.aem4f : llserstb.oem4f (.text:_llSerialShutdown)
                  00007eb8    00000108     drivers_tivaware.aem4f : EMACSnow.oem4f (.text:EMACSnow_emacStart)
                  00007fc0    00000108     sysbios.aem4f : BIOS.obj (.text:ti_sysbios_family_arm_lm4_Timer_start__E)
                  000080c8    00000104     os.aem4f : task.oem4f (.text:llEnter)
                  000081cc    00000102     nettool_ipv4.aem4f : dhcppkt.oem4f (.text:dhcpPacketProcess)
                  000082ce    00000102                        : inetaddr.oem4f (.text:inet_aton)
                  000083d0    00000100     stk.aem4f : igmp.oem4f (.text:IGMPSendReply)
                  000084d0    00000100     ti.targets.arm.rtsarm.aem4f : Core-mem.oem4f (.text:xdc_runtime_Core_createObject__I)
                  000085d0    000000fc     netctrl_min_ipv4.aem4f : netctrl.oem4f (.text:NetScheduler)
                  000086cc    000000fc     rtsv7M4_T_le_v4SPD16_eabi.lib : fd_mul_t2.asm.obj (.text)
                  000087c8    000000f8     stk.aem4f : pipe.oem4f (.text:PipeRecv)
                  000088c0    000000f8     ti.targets.arm.rtsarm.aem4f : Startup.oem4f (.text:xdc_runtime_Startup_startMods__I)
                  000089b8    000000f8     httpget_pem4f.oem4f (.text:xdc_runtime_System_printfExtend__I)
                  00008ab0    000000f4     os.aem4f : task.oem4f (.text:TaskGetEnv)
                  00008ba4    000000f4     sysbios.aem4f : m3_Hwi_asm.obj (.text:ti_sysbios_family_arm_m3_Hwi_dispatch__I)
                  00008c98    000000f4                   : BIOS.obj (.text:ti_sysbios_knl_Task_Instance_init__E)
                  00008d8c    000000f0     stk.aem4f : lliout.oem4f (.text:LLIGenArpPacket)
                  00008e7c    000000f0               : sock.oem4f (.text:SockClose)
                  00008f6c    00000004     os.aem4f : ossys.oem4f (.text:NDK_vsprintf)
                  00008f70    000000ec     sysbios.aem4f : BIOS.obj (.text:ti_sysbios_knl_Task_postInit__I)
                  0000905c    000000e8     os.aem4f : task.oem4f (.text:TaskSetEnv)
                  00009144    000000e0     stk.aem4f : tcptime.oem4f (.text:TcpTimeoutRexmt)
                  00009224    000000dc               : sb.oem4f (.text:SBWrite)
                  00009300    000000dc     nettool_ipv4.aem4f : dhcpsock.oem4f (.text:dhcpSocketOpen)
                  000093dc    000000dc                        : dhcpsm.oem4f (.text:dhcpState)
                  000094b8    000000dc     sysbios.aem4f : BIOS.obj (.text:ti_sysbios_knl_Task_sleep__E)
                  00009594    000000d8     stk.aem4f : node.oem4f (.text:NodeAdd)
                  0000966c    000000d8               : tcpprot.oem4f (.text:TcpPrSetOption)
                  00009744    000000d4     drivers_tivaware.aem4f : EMACSnow.oem4f (.text:EMACSnow_handleRx)
                  00009818    000000d4     stk.aem4f : sockpcb.oem4f (.text:SockPcbBind)
                  000098ec    00000004               : node.oem4f (.text:NodeSetRt)
                  000098f0    000000d4     sysbios.aem4f : BIOS.obj (.text:ti_sysbios_heaps_HeapMem_alloc__E)
                  000099c4    000000d1     stk.aem4f : nimu.oem4f (.text:NIMUReceivePacket)
                  00009a95    00000001     --HOLE-- [fill = 0]
                  00009a96    00000002     hal_userled_stub.aem4f : llled.oem4f (.text:_llUserLedInit)
                  00009a98    000000cc     stk.aem4f : icmp.oem4f (.text:ICMPSendRtAdv)
                  00009b64    000000cc     nettool_ipv4.aem4f : dhcpbild.oem4f (.text:dhcpBuildHeader)
                  00009c30    000000cc                        : dhcpsm.oem4f (.text:dhcpIPAdd)
                  00009cfc    000000cc                        : dhcppkt.oem4f (.text:dhcpVerifyMessage)
                  00009dc8    000000cc     ti.targets.arm.rtsarm.aem4f : Core-smem.oem4f (.text:xdc_runtime_Core_constructObject__I)
                  00009e94    000000c8     stk.aem4f : rawethsock.oem4f (.text:RawEthSockNew)
                  00009f5c    000000c8     netctrl_min_ipv4.aem4f : netsrv.oem4f (.text:SPIpNet)
                  0000a024    000000c4     drivers_tivaware.aem4f : EMACSnow.oem4f (.text:EMACSnow_InitDMADescriptors)
                  0000a0e8    000000c4     stk.aem4f : igmp.oem4f (.text:IGMPJoinHostGroup)
                  0000a1ac    000000c4     nettool_ipv4.aem4f : dhcpsm.oem4f (.text:StateBound)
                  0000a270    000000bc     stk.aem4f : sockpcb.oem4f (.text:SockPcbFind)
                  0000a32c    000000bc               : vlan.oem4f (.text:VLANDeinit)
                  0000a3e8    000000bc     sysbios.aem4f : BIOS.obj (.text:ti_sysbios_family_arm_m3_Hwi_excDebugMon__I)
                  0000a4a4    00000004     stk.aem4f : rawethsock_prot.oem4f (.text:RawEthSockPrAttach)
                  0000a4a8    000000bc     sysbios.aem4f : BIOS.obj (.text:ti_sysbios_family_arm_m3_Hwi_excHardFault__I)
                  0000a564    00000004     stk.aem4f : rawethsock_prot.oem4f (.text:RawEthSockPrDetach)
                  0000a568    000000bc     sysbios.aem4f : BIOS.obj (.text:ti_sysbios_knl_Task_exit__E)
                  0000a624    000000b8     EK_TM4C1294XL.obj (.text:EK_TM4C1294XL_initGeneral)
                  0000a6dc    000000b8     stk.aem4f : icmpin.oem4f (.text:ICMPRevSrcRoute)
                  0000a794    000000b8               : lli.oem4f (.text:_LLITimeoutCheck)
                  0000a84c    000000b8     httpget.obj (.text:createTasks)
                  0000a904    000000b4     stk.aem4f : tcptime.oem4f (.text:TcpTimeoutKeep)
                  0000a9b8    000000b4     sysbios.aem4f : BIOS.obj (.text:ti_sysbios_knl_Task_checkStacks__E)
                  0000aa6c    000000b1     rtsv7M4_T_le_v4SPD16_eabi.lib : _printfi.c.obj (.text:_ltostr)
                  0000ab1d    00000001     --HOLE-- [fill = 0]
                  0000ab1e    000000b0     stk.aem4f : rawethsock.oem4f (.text:RawEthSockSet)
                  0000abce    00000002     hal_userled_stub.aem4f : llled.oem4f (.text:_llUserLedShutdown)
                  0000abd0    000000ac     stk.aem4f : rtable.oem4f (.text:RtTimeoutCheck)
                  0000ac7c    00000004     os.aem4f : semaphore.oem4f (.text:SemPend)
                  0000ac80    000000ac     sysbios.aem4f : BIOS.obj (.text:ti_sysbios_family_arm_lm4_Timer_enableTiva__I)
                  0000ad2c    000000a8     stk.aem4f : sockint.oem4f (.text:SockCreatePacket)
                  0000add4    00000004     os.aem4f : semaphore.oem4f (.text:SemPost)
                  0000add8    000000a4     sysbios.aem4f : BIOS.obj (.text:ti_sysbios_knl_Task_setPri__E)
                  0000ae7c    000000a0     stk.aem4f : ip.oem4f (.text:IPGetRoute)
                  0000af1c    000000a0     auto_init.aem4f : auto_init.oem4f (.text)
                  0000afbc    000000a0     ti.targets.arm.rtsarm.aem4f : Text.oem4f (.text:xdc_runtime_Text_putMod__E)
                  0000b05c    0000009e     stk.aem4f : nimu.oem4f (.text:NIMUAddEthernetHeader)
                  0000b0fa    0000009e     nettool_ipv4.aem4f : dhcpbild.oem4f (.text:dhcpBuildRequest)
                  0000b198    0000009e     httpget.obj (.text:main)
                  0000b236    00000002     rtsv7M4_T_le_v4SPD16_eabi.lib : _lock.c.obj (.text:_nop)
                  0000b238    0000009c     stk.aem4f : exec.oem4f (.text:ExecOpen)
                  0000b2d4    0000009c     rtsv7M4_T_le_v4SPD16_eabi.lib : memcpy_t2.asm.obj (.text)
                  0000b370    0000009a     ti.targets.arm.rtsarm.aem4f : Text.oem4f (.text:xdc_runtime_Text_putSite__E)
                  0000b40a    00000002     hal_ser_stub.aem4f : llserstb.oem4f (.text:llSerialService)
                  0000b40c    00000098     netctrl_min_ipv4.aem4f : netctrl.oem4f (.text:NC_SystemOpen)
                  0000b4a4    00000098                            : netsrv.oem4f (.text:ServiceScan)
                  0000b53c    00000098     Boot.aem4f : Boot.oem4f (.text:ti_catalog_arm_cortexm4_tiva_ce_Boot_sysCtlClockFreqSet__E)
                  0000b5d4    00000004     os.aem4f : semaphore.oem4f (.text:SemReset)
                  0000b5d8    00000098     sysbios.aem4f : BIOS.obj (.text:ti_sysbios_knl_Task_schedule__I)
                  0000b670    00000096     rtsv7M4_T_le_v4SPD16_eabi.lib : ull_div_t2.asm.obj (.text)
                  0000b706    00000002                                   : div0.asm.obj (.text)
                  0000b708    00000094     nettool_ipv4.aem4f : config.oem4f (.text:CfgRemoveEntry)
                  0000b79c    00000004     os.aem4f : task.oem4f (.text:TaskSelf)
                  0000b7a0    00000094     sysbios.aem4f : BIOS.obj (.text:ti_sysbios_family_arm_m3_Hwi_Instance_init__E)
                  0000b834    00000004     os.aem4f : task.oem4f (.text:TaskSetPri)
                  0000b838    00000094     sysbios.aem4f : BIOS.obj (.text:ti_sysbios_family_arm_m3_Hwi_initNVIC__E)
                  0000b8cc    00000090     nettool_ipv4.aem4f : config.oem4f (.text:CfgExecute)
                  0000b95c    00000090     stk.aem4f : igmp.oem4f (.text:IGMPMsg)
                  0000b9ec    00000090     httpget.obj (.text:clientSocketTask)
                  0000ba7c    00000090     os.aem4f : mem.oem4f (.text:mmBulkAlloc)
                  0000bb0c    00000004     hal_ser_stub.aem4f : llserstb.oem4f (.text:_llSerialInit)
                  0000bb10    00000090     sysbios.aem4f : BIOS.obj (.text:ti_sysbios_knl_Task_Module_startup__E)
                  0000bba0    00000090                   : BIOS.obj (.text:ti_sysbios_knl_Task_startCore__E)
                  0000bc30    0000008c     drivers_tivaware.aem4f : GPIOTiva.oem4f (.text:GPIO_init)
                  0000bcbc    0000008c     stk.aem4f : ip.oem4f (.text:IPMsg)
                  0000bd48    0000008c     os.aem4f : mem.oem4f (.text:_mmInit)
                  0000bdd4    0000008c              : mem.oem4f (.text:mmInitPage)
                  0000be60    0000008c     sysbios.aem4f : m3_TaskSupport_asm.obj (.text:ti_sysbios_family_arm_m3_TaskSupport_buildTaskStack)
                  0000beec    0000008a     netctrl_min_ipv4.aem4f : netsrv.oem4f (.text:SPRoute)
                  0000bf76    00000002     httpget_pem4f.oem4f (.text:ti_ndk_config_Global_NetworkClose)
                  0000bf78    00000088     netctrl_min_ipv4.aem4f : netsrv.oem4f (.text:ServiceSpawn)
                  0000c000    00000088     stk.aem4f : sockpcb.oem4f (.text:SockPcbCtlError)
                  0000c088    00000087     httpget_pem4f.oem4f (.text:ti_ndk_config_Global_NetworkIPAddr)
                  0000c10f    00000001     --HOLE-- [fill = 0]
                  0000c110    00000086     nettool_ipv4.aem4f : dhcpsm.oem4f (.text:StateRequesting)
                  0000c196    00000086     rtsv7M4_T_le_v4SPD16_eabi.lib : fd_cmp_t2.asm.obj (.text:__aeabi_cdcmple)
                  0000c21c    00000086                                   : fd_cmp_t2.asm.obj (.text:__aeabi_cdrcmple)
                  0000c2a2    00000002     httpget_pem4f.oem4f (.text:ti_ndk_config_Global_NetworkOpen)
                  0000c2a4    00000084     nettool_ipv4.aem4f : config.oem4f (.text:CfgGetEntry)
                  0000c328    00000084     drivers_tivaware.aem4f : EMACSnow.oem4f (.text:EMACSnow_processPhyInterrupt)
                  0000c3ac    00000084     stk.aem4f : tcpprot.oem4f (.text:TcpPrAttach)
                  0000c430    00000084     os.aem4f : mem.oem4f (.text:mmBulkFree)
                  0000c4b4    00000084              : mem.oem4f (.text:mmFree)
                  0000c538    00000084     sysbios.aem4f : BIOS.obj (.text:ti_sysbios_family_arm_m3_Hwi_postInit__I)
                  0000c5bc    00000082     nettool_ipv4.aem4f : dhcpsm.oem4f (.text:StateRenewRebind)
                  0000c63e    00000002     httpget_pem4f.oem4f (.text:ti_sysbios_BIOS_nullFunc__I)
                  0000c640    00000080     drivers_tivaware.aem4f : EMACSnow.oem4f (.text:EMACSnow_emacStop)
                  0000c6c0    00000080                            : EMACSnow.oem4f (.text:EMACSnow_processPendingTx)
                  0000c740    00000080     stk.aem4f : lli.oem4f (.text:LLINew)
                  0000c7c0    00000080     netctrl_min_ipv4.aem4f : netsrv.oem4f (.text:NS_BootTask)
                  0000c840    00000080     stk.aem4f : pbm.oem4f (.text:PBM_alloc)
                  0000c8c0    00000080               : raw.oem4f (.text:RawOutput)
                  0000c940    0000007e               : fileuser.oem4f (.text:fdClose)
                  0000c9be    00000002     httpget_pem4f.oem4f (.text:xdc_runtime_Startup_reset__I)
                  0000c9c0    0000007c     nettool_ipv4.aem4f : config.oem4f (.text:CfgGetNextEntry)
                  0000ca3c    0000007c     drivers_tivaware.aem4f : EMACSnow.oem4f (.text:EMACSnow_hwiIntFxn)
                  0000cab8    0000007c     stk.aem4f : igmp.oem4f (.text:IGMPDoMCast)
                  0000cb34    0000007c               : igmp.oem4f (.text:IGMPJoin)
                  0000cbb0    0000007c               : socket.oem4f (.text:NDK_setsockopt)
                  0000cc2c    0000007c               : nimu.oem4f (.text:NIMURegister)
                  0000cca8    0000007c               : pbm.oem4f (.text:PBM_free)
                  0000cd24    0000007c     nettool_ipv4.aem4f : inetaddr.oem4f (.text:inet_pton)
                  0000cda0    0000007c     sysbios.aem4f : BIOS.obj (.text:ti_sysbios_heaps_HeapMem_free__E)
                  0000ce1c    0000007a     stk.aem4f : sock.oem4f (.text:SockAccept)
                  0000ce96    0000007a     rtsv7M4_T_le_v4SPD16_eabi.lib : memset_t2.asm.obj (.text)
                  0000cf10    00000078     driverlib.lib : emac.obj (.text:EMACInit)
                  0000cf88    00000078     stk.aem4f : socket.oem4f (.text:NDK_sendto)
                  0000d000    00000078               : tcptime.oem4f (.text:TcpXmitTimer)
                  0000d078    00000078               : fileuser.oem4f (.text:fdOpenSession)
                  0000d0f0    00000078     os.aem4f : task.oem4f (.text:llExit)
                  0000d168    00000076     stk.aem4f : pipe.oem4f (.text:PipeSend)
                  0000d1de    00000002     --HOLE-- [fill = 0]
                  0000d1e0    00000075               : tcptime.oem4f (.text:TcpTimeoutSackRexmt)
                  0000d255    00000003     --HOLE-- [fill = 0]
                  0000d258    00000074               : igmp.oem4f (.text:IGMPLeaveHostGroup)
                  0000d2cc    00000074               : nimu.oem4f (.text:NIMUShutdown)
                  0000d340    00000074               : raweth.oem4f (.text:RawEthRxPacket)
                  0000d3b4    00000074               : sockpcb.oem4f (.text:SockPcbConnect)
                  0000d428    00000072     os.aem4f : semaphore.oem4f (.text:SemCreateBinary)
                  0000d49a    00000070     stk.aem4f : socket.oem4f (.text:NDK_accept)
                  0000d50a    00000070               : socket.oem4f (.text:NDK_send)
                  0000d57a    00000002     --HOLE-- [fill = 0]
                  0000d57c    00000070               : rtable.oem4f (.text:RtFlush)
                  0000d5ec    00000070     netctrl_min_ipv4.aem4f : netsrv.oem4f (.text:SPConfig)
                  0000d65c    00000070     stk.aem4f : sock.oem4f (.text:SockShutdown)
                  0000d6cc    00000070     nettool_ipv4.aem4f : dhcptags.oem4f (.text:dhcpDecodeType)
                  0000d73c    00000004     rtsv7M4_T_le_v4SPD16_eabi.lib : exit.c.obj (.text:abort:abort)
                  0000d740    00000070     sysbios.aem4f : BIOS.obj (.text:ti_sysbios_knl_Clock_workFunc__E)
                  0000d7b0    0000006e     stk.aem4f : socket.oem4f (.text:NDK_recv)
                  0000d81e    00000002     --HOLE-- [fill = 0]
                  0000d820    0000006e               : rtable.oem4f (.text:RtWalkNext)
                  0000d88e    0000006e               : sockpcb.oem4f (.text:SockPcbFindRaw)
                  0000d8fc    0000006e     rtsv7M4_T_le_v4SPD16_eabi.lib : _printfi.c.obj (.text:_mcpy)
                  0000d96a    0000006e                                   : fd_tos_t2.asm.obj (.text)
                  0000d9d8    0000006d     stk.aem4f : node.oem4f (.text:NodeNew)
                  0000da45    00000003     --HOLE-- [fill = 0]
                  0000da48    0000006d     ti.targets.arm.rtsarm.aem4f : System.oem4f (.text:xdc_runtime_System_formatNum__I)
                  0000dab5    00000003     --HOLE-- [fill = 0]
                  0000dab8    0000006c     os.aem4f : ossys.oem4f (.text:DbgPrintf)
                  0000db24    0000006c     stk.aem4f : node.oem4f (.text:NodeTreeNew)
                  0000db90    0000006c               : raweth.oem4f (.text:RawEthTxPacket)
                  0000dbfc    0000006c               : udp.oem4f (.text:UdpChecksum)
                  0000dc68    0000006c     httpget_pem4f.oem4f (.text:ti_ndk_config_ip_init)
                  0000dcd4    00000004     stk.aem4f : listlib.oem4f (.text:list_get_head)
                  0000dcd8    0000006c     sysbios.aem4f : BIOS.obj (.text:ti_sysbios_knl_Swi_restoreHwi__E)
                  0000dd44    0000006c     ti.targets.arm.rtsarm.aem4f : Error.oem4f (.text:xdc_runtime_Error_print__E)
                  0000ddb0    0000006c                                 : Memory.oem4f (.text:xdc_runtime_Memory_alloc__E)
                  0000de1c    0000006a     stk.aem4f : tcpprot.oem4f (.text:TcpPrInherit)
                  0000de86    00000068               : socket.oem4f (.text:NDK_socket)
                  0000deee    00000002     --HOLE-- [fill = 0]
                  0000def0    00000068               : pbm.oem4f (.text:PBM_open)
                  0000df58    00000068               : sock.oem4f (.text:SockListen)
                  0000dfc0    00000068               : rtable.oem4f (.text:_RtNodeInsert)
                  0000e028    00000068     rtsv7M4_T_le_v4SPD16_eabi.lib : copy_decompress_lzss.c.obj (.text:decompress:lzss:__TI_decompress_lzss)
                  0000e090    00000066     ti.targets.arm.rtsarm.aem4f : Core-mem.oem4f (.text:xdc_runtime_Core_deleteObject__I)
                  0000e0f6    00000002     --HOLE-- [fill = 0]
                  0000e0f8    00000064     nettool_ipv4.aem4f : config.oem4f (.text:CfgFree)
                  0000e15c    00000064     drivers_tivaware.aem4f : GPIOTiva.oem4f (.text:GPIO_hwiIntFxn)
                  0000e1c0    00000064     stk.aem4f : pbm.oem4f (.text:PBMQ_enq)
                  0000e224    00000064               : sockint.oem4f (.text:SockSpawnAbort)
                  0000e288    00000064     rtsv7M4_T_le_v4SPD16_eabi.lib : s_frexp.c.obj (.text:frexp)
                  0000e2ec    00000064     hal_timer_bios.aem4f : lltimer.oem4f (.text:llTimerTick)
                  0000e350    00000064     sysbios.aem4f : BIOS.obj (.text:ti_sysbios_family_arm_lm4_Timer_Module_startup__E)
                  0000e3b4    00000064     httpget_pem4f.oem4f (.text:ti_sysbios_family_arm_m3_Hwi_create)
                  0000e418    00000064     sysbios.aem4f : BIOS.obj (.text:ti_sysbios_family_arm_m3_Hwi_dispatchC__I)
                  0000e47c    00000004     stk.aem4f : listlib.oem4f (.text:list_get_next)
                  0000e480    00000064     sysbios.aem4f : BIOS.obj (.text:ti_sysbios_knl_Semaphore_post__E)
                  0000e4e4    00000064     stk.aem4f : lliin.oem4f (.text:updateRtTable)
                  0000e548    00000062               : ipin.oem4f (.text:IPRouteIP)
                  0000e5aa    00000002     --HOLE-- [fill = 0]
                  0000e5ac    00000062               : sb.oem4f (.text:SBNew)
                  0000e60e    00000002     --HOLE-- [fill = 0]
                  0000e610    00000060     nettool_ipv4.aem4f : config.oem4f (.text:CfgGetEntryCnt)
                  0000e670    00000060     stk.aem4f : file.oem4f (.text:FdWaitEvent)
                  0000e6d0    00000060               : nimu.oem4f (.text:NIMUUnregister)
                  0000e730    00000060               : node.oem4f (.text:NodeFind)
                  0000e790    00000060               : rtc.oem4f (.text:RTCMsg)
                  0000e7f0    00000060               : tcp.oem4f (.text:TcpChecksum)
                  0000e850    00000060     nettool_ipv4.aem4f : dhcptags.oem4f (.text:dhcpBuildOptions)
                  0000e8b0    00000060     httpget_pem4f.oem4f (.text:ti_ndk_config_Global_serviceReport)
                  0000e910    0000005e     stk.aem4f : route.oem4f (.text:RtRemove)
                  0000e96e    0000005e     nettool_ipv4.aem4f : dhcpsm.oem4f (.text:StateSelecting)
                  0000e9cc    0000005e     stk.aem4f : vlan.oem4f (.text:VLANReceivePacket)
                  0000ea2a    00000002     --HOLE-- [fill = 0]
                  0000ea2c    0000005c     nettool_ipv4.aem4f : config.oem4f (.text:CfgSetExecuteOrder)
                  0000ea88    0000005c     stk.aem4f : nimu.oem4f (.text:NIMUIoctlSpecialCmd)
                  0000eae4    0000005c     netctrl_min_ipv4.aem4f : netsrv.oem4f (.text:SPService)
                  0000eb40    0000005c     httpget_pem4f.oem4f (.text:ti_sysbios_knl_Swi_create)
                  0000eb9c    00000004     httpget_pem4f.oem4f (.text:ti_sysbios_BIOS_RtsGateProxy_enter__E)
                  0000eba0    0000005c     sysbios.aem4f : BIOS.obj (.text:ti_sysbios_knl_Swi_run__I)
                  0000ebfc    00000004     httpget_pem4f.oem4f (.text:ti_sysbios_BIOS_RtsGateProxy_leave__E)
                  0000ec00    0000005c     sysbios.aem4f : BIOS.obj (.text:ti_sysbios_knl_Swi_schedule__I)
                  0000ec5c    0000005c     httpget_pem4f.oem4f (.text:ti_sysbios_knl_Task_create)
                  0000ecb8    0000005c     sysbios.aem4f : BIOS.obj (.text:ti_sysbios_knl_Task_unblockI__E)
                  0000ed14    0000005b     ti.targets.arm.rtsarm.aem4f : Text.oem4f (.text:xdc_runtime_Text_putLab__E)
                  0000ed6f    00000001     --HOLE-- [fill = 0]
                  0000ed70    0000005a     stk.aem4f : route.oem4f (.text:RtRedirect)
                  0000edca    0000005a               : tcpprot.oem4f (.text:TcpValidateMetrics)
                  0000ee24    0000005a     nettool_ipv4.aem4f : dhcpbild.oem4f (.text:dhcpBuildDecline)
                  0000ee7e    0000005a     os.aem4f : mem.oem4f (.text:mmCopy)
                  0000eed8    0000005a     httpget_pem4f.oem4f (.text:ti_ndk_config_tcp_init)
                  0000ef32    00000002     --HOLE-- [fill = 0]
                  0000ef34    00000058     stk.aem4f : bind.oem4f (.text:BindFree)
                  0000ef8c    00000058     boot.aem4f : boot.oem4f (.text)
                  0000efe4    00000058     driverlib.lib : emac.obj (.text:EMACPHYConfigSet)
                  0000f03c    00000058     rtsv7M4_T_le_v4SPD16_eabi.lib : hostwrite.c.obj (.text:HOSTwrite)
                  0000f094    00000058     stk.aem4f : igmp.oem4f (.text:IGMPTimer)
                  0000f0ec    00000058     os.aem4f : semaphore.oem4f (.text:SemCreate)
                  0000f144    00000058     sysbios.aem4f : m3_Hwi_asm_switch.obj (.text:ti_sysbios_family_arm_m3_Hwi_initStacks__E)
                  0000f19c    00000056     driverlib.lib : gpio.obj (.text:GPIOIntTypeSet)
                  0000f1f2    00000056     rtsv7M4_T_le_v4SPD16_eabi.lib : _printfi.c.obj (.text:_pconv_f)
                  0000f248    00000054     nettool_ipv4.aem4f : config.oem4f (.text:CfgEntryDeRef)
                  0000f29c    00000054     stk.aem4f : igmp.oem4f (.text:IGMPLeave)
                  0000f2f0    00000054               : rawethsock_pcb.oem4f (.text:RawEthSockPcbAttach)
                  0000f344    00000054               : sockpcb.oem4f (.text:SockCleanPcb)
                  0000f398    00000054               : tcptime.oem4f (.text:TcpTimeoutPersist)
                  0000f3ec    00000054     rtsv7M4_T_le_v4SPD16_eabi.lib : _ltoa.c.obj (.text:__TI_ltoa)
                  0000f440    00000054     sysbios.aem4f : BIOS.obj (.text:ti_sysbios_family_arm_lm4_Timer_initDevice__I)
                  0000f494    00000004                   : BIOS.obj (.text:ti_sysbios_family_arm_lm4_Timer_masterEnable__I)
                  0000f498    00000054                   : BIOS.obj (.text:ti_sysbios_knl_Swi_Instance_init__E)
                  0000f4ec    00000054     ti.targets.arm.rtsarm.aem4f : Assert.oem4f (.text:xdc_runtime_Assert_raise__I)
                  0000f540    00000052     stk.aem4f : tcpprot.oem4f (.text:TcpPrDetach)
                  0000f592    00000052     rtsv7M4_T_le_v4SPD16_eabi.lib : _printfi.c.obj (.text:_ecpy)
                  0000f5e4    00000050     drivers_tivaware.aem4f : GPIOTiva.oem4f (.text:GPIO_setCallback)
                  0000f634    00000050                            : GPIOTiva.oem4f (.text:GPIO_write)
                  0000f684    00000050     stk.aem4f : socket.oem4f (.text:NDK_bind)
                  0000f6d4    00000050               : socket.oem4f (.text:NDK_connect)
                  0000f724    00000050               : route.oem4f (.text:RtNew)
                  0000f774    00000050     driverlib.lib : sysctl.obj (.text:SysCtlPeripheralReset)
                  0000f7c4    00000050     Boot.aem4f : Boot_sysctl.oem4f (.text:_SysCtlFrequencyGet)
                  0000f814    00000004     httpget_pem4f.oem4f (.text:ti_sysbios_family_arm_m3_Hwi_delete)
                  0000f818    00000050     sysbios.aem4f : BIOS.obj (.text:ti_sysbios_family_arm_m3_Hwi_Module_startup__E)
                  0000f868    00000050                   : BIOS.obj (.text:ti_sysbios_knl_Clock_Instance_init__E)
                  0000f8b8    00000050     ti.targets.arm.rtsarm.aem4f : Startup.oem4f (.text:xdc_runtime_Startup_exec__E)
                  0000f908    00000050                                 : Text.oem4f (.text:xdc_runtime_Text_visitRope2__I)
                  0000f958    0000004e     stk.aem4f : node.oem4f (.text:NodeDeRef)
                  0000f9a6    0000004e     nettool_ipv4.aem4f : config.oem4f (.text:_CfgEntryScan)
                  0000f9f4    0000004c                        : ipaddr.oem4f (.text:NtAddNetwork)
                  0000fa40    0000004c     stk.aem4f : sockint.oem4f (.text:SockValidateRoute)
                  0000fa8c    0000004c     rtsv7M4_T_le_v4SPD16_eabi.lib : atoi.c.obj (.text:atoi)
                  0000fad8    0000004c                                   : cpy_tbl.c.obj (.text:copy_in)
                  0000fb24    00000004     httpget_pem4f.oem4f (.text:ti_sysbios_family_arm_m3_TaskSupport_Module__startupDone__S)
                  0000fb28    0000004c     sysbios.aem4f : BIOS.obj (.text:ti_sysbios_heaps_HeapMem_getStats__E)
                  0000fb74    00000004     httpget_pem4f.oem4f (.text:ti_sysbios_heaps_HeapMem_Module_GateProxy_enter__E)
                  0000fb78    0000004c     sysbios.aem4f : BIOS.obj (.text:ti_sysbios_knl_Swi_runLoop__I)
                  0000fbc4    00000004     httpget_pem4f.oem4f (.text:ti_sysbios_heaps_HeapMem_Module_GateProxy_leave__E)
                  0000fbc8    0000004c     sysbios.aem4f : BIOS.obj (.text:ti_sysbios_knl_Task_allBlockedFunction__I)
                  0000fc14    0000004a     netctrl_min_ipv4.aem4f : netsrv.oem4f (.text:ServiceKill)
                  0000fc5e    0000004a     stk.aem4f : sock.oem4f (.text:SockDisconnect)
                  0000fca8    0000004a               : timer.oem4f (.text:TimerNew)
                  0000fcf2    00000048     nettool_ipv4.aem4f : config.oem4f (.text:CfgNew)
                  0000fd3a    00000002     --HOLE-- [fill = 0]
                  0000fd3c    00000048     driverlib.lib : gpio.obj (.text:GPIOPinConfigure)
                  0000fd84    00000048     stk.aem4f : lli.oem4f (.text:LLIMsg)
                  0000fdcc    00000048               : node.oem4f (.text:NodeWalk)
                  0000fe14    00000048               : rawethsock_pcb.oem4f (.text:RawEthSockPcbDetach)
                  0000fe5c    00000048               : sockpcb.oem4f (.text:SockPcbResolveChain)
                  0000fea4    00000048               : tcpprot.oem4f (.text:TcpDrop)
                  0000feec    00000048               : lli.oem4f (.text:_LLIExpListInsert)
                  0000ff34    00000048               : rtable.oem4f (.text:_RtExpListInsert)
                  0000ff7c    00000048               : file.oem4f (.text:fdint_lockfd)
                  0000ffc4    00000048     rtsv7M4_T_le_v4SPD16_eabi.lib : fd_toi_t2.asm.obj (.text)
                  0001000c    00000004     httpget_pem4f.oem4f (.text:ti_sysbios_knl_Clock_TimerProxy_getMaxTicks__E)
                  00010010    00000048     sysbios.aem4f : BIOS.obj (.text:ti_sysbios_family_arm_lm4_Timer_enableTimers__I)
                  00010058    00000048                   : BIOS.obj (.text:ti_sysbios_family_arm_m3_Hwi_disableInterrupt__E)
                  000100a0    00000048                   : BIOS.obj (.text:ti_sysbios_family_arm_m3_Hwi_enableInterrupt__E)
                  000100e8    00000048                   : BIOS.obj (.text:ti_sysbios_family_arm_m3_Hwi_excReserved__I)
                  00010130    00000048                   : BIOS.obj (.text:ti_sysbios_knl_Mailbox_Module_startup__E)
                  00010178    00000048                   : BIOS.obj (.text:ti_sysbios_knl_Task_deleteTerminatedTasksFunc__I)
                  000101c0    00000046     nettool_ipv4.aem4f : ipaddr.oem4f (.text:NtIfIdx2Ip)
                  00010206    00000046     stk.aem4f : rawethsock.oem4f (.text:RawEthSockSend)
                  0001024c    00000046               : tcpprot.oem4f (.text:TcpPrCtlError)
                  00010292    00000046     os.aem4f : mem.oem4f (.text:mmZeroInit)
                  000102d8    00000046     ti.targets.arm.rtsarm.aem4f : Core-params.oem4f (.text:xdc_runtime_Core_assignParams__I)
                  0001031e    00000002     --HOLE-- [fill = 0]
                  00010320    00000044     drivers_tivaware.aem4f : EMACSnow.oem4f (.text:EMACSnow_processTransmitted)
                  00010364    00000044     stk.aem4f : icmp.oem4f (.text:ICMPChecksum)
                  000103a8    00000044               : ipfrag.oem4f (.text:IPReasmFree)
                  000103ec    00000044               : lli.oem4f (.text:LLIGetValidTime)
                  00010430    00000044               : rtable.oem4f (.text:RouteMsg)
                  00010474    00000044               : rtable.oem4f (.text:RtWalkEnd)
                  000104b8    00000044               : sockpcb.oem4f (.text:SockPcbDetach)
                  000104fc    00000044               : timer.oem4f (.text:TimerListInsert)
                  00010540    00000044     hal_timer_bios.aem4f : lltimer.oem4f (.text:llTimerGetTime)
                  00010584    00000004     httpget_pem4f.oem4f (.text:ti_sysbios_knl_Queue_destruct)
                  00010588    00000044     sysbios.aem4f : BIOS.obj (.text:ti_sysbios_family_arm_lm4_Timer_isrStub__E)
                  000105cc    00000004     httpget_pem4f.oem4f (.text:ti_sysbios_knl_Semaphore_delete)
                  000105d0    00000044     sysbios.aem4f : BIOS.obj (.text:ti_sysbios_family_arm_m3_Hwi_getStackInfo__E)
                  00010614    00000004     httpget_pem4f.oem4f (.text:ti_sysbios_knl_Semaphore_destruct)
                  00010618    00000044     sysbios.aem4f : BIOS.obj (.text:ti_sysbios_knl_Mailbox_postInit__I)
                  0001065c    00000004     httpget_pem4f.oem4f (.text:ti_sysbios_knl_Swi_delete)
                  00010660    00000044     sysbios.aem4f : BIOS.obj (.text:ti_sysbios_knl_Swi_post__E)
                  000106a4    00000044     ti.targets.arm.rtsarm.aem4f : Error.oem4f (.text:xdc_runtime_Error_setX__E)
                  000106e8    00000044                                 : SysMin.oem4f (.text:xdc_runtime_SysMin_flush__E)
                  0001072c    00000044                                 : Text.oem4f (.text:xdc_runtime_Text_xprintf__I)
                  00010770    00000042     stk.aem4f : socket.oem4f (.text:NDK_listen)
                  000107b2    00000042               : tcpprot.oem4f (.text:TcpPrSendOOB)
                  000107f4    00000042               : fileuser.oem4f (.text:fdCloseSession)
                  00010836    00000002     --HOLE-- [fill = 0]
                  00010838    00000040               : lliin.oem4f (.text:LLIValidateRoute)
                  00010878    00000040               : pbm.oem4f (.text:PBM_copy)
                  000108b8    00000040               : sockpcb.oem4f (.text:SockPcbRtChange)
                  000108f8    00000040               : tcpprot.oem4f (.text:TcpPrSend)
                  00010938    00000040     rtsv7M4_T_le_v4SPD16_eabi.lib : u_divt2.asm.obj (.text)
                  00010978    00000040                                   : sprintf.c.obj (.text:sprintf)
                  000109b8    00000040     sysbios.aem4f : BIOS.obj (.text:ti_sysbios_family_arm_lm4_Timer_startup__E)
                  000109f8    00000040                   : BIOS.obj (.text:ti_sysbios_heaps_HeapMem_Instance_init__E)
                  00010a38    0000003e     nettool_ipv4.aem4f : dhcpmain.oem4f (.text:DHCPClose)
                  00010a76    00000002     --HOLE-- [fill = 0]
                  00010a78    0000003e     stk.aem4f : nimu.oem4f (.text:NIMUAllocateName)
                  00010ab6    0000003e     os.aem4f : task.oem4f (.text:TaskCreate)
                  00010af4    0000003e     stk.aem4f : tcpprot.oem4f (.text:TcpPrDisconnect)
                  00010b32    0000003e     rtsv7M4_T_le_v4SPD16_eabi.lib : _printfi.c.obj (.text:_fcpy)
                  00010b70    0000003e     stk.aem4f : file.oem4f (.text:fdint_unlockfd)
                  00010bae    0000003c     nettool_ipv4.aem4f : config.oem4f (.text:CfgEntryGetData)
                  00010bea    0000003c     driverlib.lib : emac.obj (.text:EMACIntDisable)
                  00010c26    0000003c     stk.aem4f : node.oem4f (.text:NodeUpdatePL)
                  00010c62    00000002     --HOLE-- [fill = 0]
                  00010c64    0000003c               : rtable.oem4f (.text:RtWalkBegin)
                  00010ca0    0000003c               : tcpprot.oem4f (.text:TcpPrConnect)
                  00010cdc    0000003c               : tcptime.oem4f (.text:TcpSetPersist)
                  00010d18    0000003c               : rtc.oem4f (.text:_RTCSendRtAdv)
                  00010d54    0000003c               : rtable.oem4f (.text:_RtNodeRemove)
                  00010d90    0000003c     hal_timer_bios.aem4f : lltimer.oem4f (.text:_llTimerInit)
                  00010dcc    00000004     httpget_pem4f.oem4f (.text:ti_sysbios_knl_Task_delete)
                  00010dd0    0000003c     sysbios.aem4f : BIOS.obj (.text:ti_sysbios_family_arm_m3_Hwi_excSvCall__I)
                  00010e0c    00000004     ti.targets.arm.rtsarm.aem4f : Error.oem4f (.text:xdc_runtime_Error_getMsg__E)
                  00010e10    0000003c     sysbios.aem4f : BIOS.obj (.text:ti_sysbios_heaps_HeapMem_init__I)
                  00010e4c    00000004     ti.targets.arm.rtsarm.aem4f : Error.oem4f (.text:xdc_runtime_Error_getSite__E)
                  00010e50    0000003c     sysbios.aem4f : BIOS.obj (.text:ti_sysbios_knl_Swi_restore__E)
                  00010e8c    0000003a     driverlib.lib : emac.obj (.text:EMACIntEnable)
                  00010ec6    00000002     --HOLE-- [fill = 0]
                  00010ec8    00000038                   : emac.obj (.text:EMACConfigGet)
                  00010f00    00000038     stk.aem4f : ipfrag.oem4f (.text:IPReasmTimeout)
                  00010f38    00000038               : node.oem4f (.text:NodeGetRt)
                  00010f70    00000038     driverlib.lib : sysctl.obj (.text:SysCtlPeripheralReady)
                  00010fa8    00000038     stk.aem4f : tcpprot.oem4f (.text:TcpClose)
                  00010fe0    00000038               : timer.oem4f (.text:TimerHSTick)
                  00011018    00000038     rtsv7M4_T_le_v4SPD16_eabi.lib : trgmsg.c.obj (.text:__TI_writemsg)
                  00011050    00000038     nettool_ipv4.aem4f : dhcpbild.oem4f (.text:dhcpBuildDiscover)
                  00011088    00000038                        : dhcptags.oem4f (.text:dhcpOptionsClear)
                  000110c0    00000038     stk.aem4f : file.oem4f (.text:fdint_waitevent)
                  000110f8    00000038     rtsv7M4_T_le_v4SPD16_eabi.lib : fs_tod_t2.asm.obj (.text)
                  00011130    00000038     sysbios.aem4f : BIOS.obj (.text:ti_sysbios_family_arm_m3_Hwi_excNoIsr__I)
                  00011168    00000038     httpget_pem4f.oem4f (.text:ti_sysbios_knl_Clock_create)
                  000111a0    00000038     sysbios.aem4f : BIOS.obj (.text:ti_sysbios_knl_Task_processVitalTaskFlag__I)
                  000111d8    00000038     ti.targets.arm.rtsarm.aem4f : SysMin.oem4f (.text:xdc_runtime_SysMin_putch__E)
                  00011210    00000038                                 : System.oem4f (.text:xdc_runtime_System_atexit__E)
                  00011248    00000036     stk.aem4f : ip.oem4f (.text:IPChecksum)
                  0001127e    00000002     --HOLE-- [fill = 0]
                  00011280    00000035     httpget.obj (.text:printError)
                  000112b5    00000003     --HOLE-- [fill = 0]
                  000112b8    00000034     nettool_ipv4.aem4f : config.oem4f (.text:CfgSetService)
                  000112ec    00000034     driverlib.lib : emac.obj (.text:EMACConfigSet)
                  00011320    00000034                   : emac.obj (.text:EMACIntClear)
                  00011354    00000034     drivers_tivaware.aem4f : EMACSnow.oem4f (.text:EMACSnow_emacPoll)
                  00011388    00000034                            : EMACSnow.oem4f (.text:EMACSnow_isLinkUp)
                  000113bc    00000034                            : EMAC.oem4f (.text:EMAC_init)
                  000113f0    00000034     stk.aem4f : exec.oem4f (.text:ExecClose)
                  00011424    00000034               : nimu.oem4f (.text:NIMUFindByName)
                  00011458    00000034               : nimu.oem4f (.text:NIMUInit)
                  0001148c    00000034               : rawethsock.oem4f (.text:RawEthSockNotify)
                  000114c0    00000034               : sockprot.oem4f (.text:SockPrCtlError)
                  000114f4    00000034     driverlib.lib : sysctl.obj (.text:SysCtlPeripheralEnable)
                  00011528    00000034     rtsv7M4_T_le_v4SPD16_eabi.lib : trgmsg.c.obj (.text:__TI_readmsg)
                  0001155c    00000034     os.aem4f : mem.oem4f (.text:mmUnInitPage)
                  00011590    00000034     sysbios.aem4f : BIOS.obj (.text:ti_sysbios_family_arm_m3_Hwi_Instance_finalize__E)
                  000115c4    00000004     httpget_pem4f.oem4f (.text:xdc_runtime_System_Module_GateProxy_enter__E)
                  000115c8    00000034     sysbios.aem4f : BIOS.obj (.text:ti_sysbios_family_arm_m3_Hwi_excNmi__I)
                  000115fc    00000004     httpget_pem4f.oem4f (.text:xdc_runtime_System_Module_GateProxy_leave__E)
                  00011600    00000034     sysbios.aem4f : BIOS.obj (.text:ti_sysbios_hal_Hwi_checkStack)
                  00011634    00000034     httpget_pem4f.oem4f (.text:ti_sysbios_knl_Semaphore_create)
                  00011668    00000034     ti.targets.arm.rtsarm.aem4f : Core-label.oem4f (.text:xdc_runtime_Core_assignLabel__I)
                  0001169c    00000033                                 : Text.oem4f (.text:xdc_runtime_Text_printVisFxn__I)
                  000116cf    00000001     --HOLE-- [fill = 0]
                  000116d0    00000032     nettool_ipv4.aem4f : config.oem4f (.text:CfgGetImmediate)
                  00011702    00000032     stk.aem4f : route.oem4f (.text:RtDeRef)
                  00011734    00000032               : route.oem4f (.text:RtSetFailure)
                  00011766    00000032               : sb.oem4f (.text:SBFlush)
                  00011798    00000032               : sb.oem4f (.text:SBSetMax)
                  000117ca    00000032               : sock.oem4f (.text:SockIntAbort)
                  000117fc    00000032     nettool_ipv4.aem4f : config.oem4f (.text:_CfgAcquire)
                  0001182e    00000032                        : dhcpsm.oem4f (.text:dhcpIPRemove)
                  00011860    00000032     sysbios.aem4f : BIOS.obj (.text:ti_sysbios_hal_Hwi_initStack)
                  00011892    00000006     driverlib.lib : emac.obj (.text:EMACRxDMADescriptorListSet)
                  00011898    00000032     sysbios.aem4f : BIOS.obj (.text:ti_sysbios_knl_Semaphore_pendTimeout__I)
                  000118ca    00000030     driverlib.lib : emac.obj (.text:EMACAddrSet)
                  000118fa    00000002     --HOLE-- [fill = 0]
                  000118fc    00000030     drivers_tivaware.aem4f : EMACSnow.oem4f (.text:EMACSnow_handlePackets)
                  0001192c    00000030     netctrl_min_ipv4.aem4f : netsrv.oem4f (.text:NS_PreBoot)
                  0001195c    00000030     stk.aem4f : sock.oem4f (.text:SockBind)
                  0001198c    00000030               : sock.oem4f (.text:SockGetName)
                  000119bc    00000030     nettool_ipv4.aem4f : dhcpsock.oem4f (.text:dhcpPacketSend)
                  000119ec    00000030     stk.aem4f : listlib.oem4f (.text:list_remove_node)
                  00011a1c    00000030     httpget_pem4f.oem4f (.text:ti_sysbios_BIOS_atExitFunc__I)
                  00011a4c    00000004     ti.targets.arm.rtsarm.aem4f : System.oem4f (.text:xdc_runtime_System_aprintf_va__F)
                  00011a50    00000030     sysbios.aem4f : BIOS.obj (.text:ti_sysbios_family_arm_lm4_Timer_stop__E)
                  00011a80    00000030                   : BIOS.obj (.text:ti_sysbios_family_arm_m3_TaskSupport_start__E)
                  00011ab0    00000030     httpget_pem4f.oem4f (.text:ti_sysbios_gates_GateHwi_Object__create__S)
                  00011ae0    00000030     httpget_pem4f.oem4f (.text:ti_sysbios_gates_GateMutex_Object__create__S)
                  00011b10    00000030     sysbios.aem4f : BIOS.obj (.text:ti_sysbios_gates_GateMutex_enter__E)
                  00011b40    00000030     httpget_pem4f.oem4f (.text:ti_sysbios_heaps_HeapMem_Object__create__S)
                  00011b70    00000030     httpget_pem4f.oem4f (.text:ti_sysbios_knl_Semaphore_construct)
                  00011ba0    00000030     ti.targets.arm.rtsarm.aem4f : SysMin.oem4f (.text:xdc_runtime_SysMin_abort__E)
                  00011bd0    00000030                                 : System.oem4f (.text:xdc_runtime_System_processAtExit__E)
                  00011c00    0000002e     stk.aem4f : sb.oem4f (.text:SBFree)
                  00011c2e    0000002e     rtsv7M4_T_le_v4SPD16_eabi.lib : i_tofd_t2.asm.obj (.text)
                  00011c5c    0000002c     driverlib.lib : emac.obj (.text:EMACIntStatus)
                  00011c88    0000002c     stk.aem4f : file.oem4f (.text:FdSignalEvent)
                  00011cb4    0000002c               : igmp.oem4f (.text:IGMPTestGroup)
                  00011ce0    0000002c     os.aem4f : task.oem4f (.text:NDK_hookCreate)
                  00011d0c    0000002c     stk.aem4f : nimu.oem4f (.text:NIMUAllocateIndex)
                  00011d38    0000002c               : nimu.oem4f (.text:NIMUPacketServiceCheck)
                  00011d64    0000002c               : pipe.oem4f (.text:PipeClose)
                  00011d90    0000002c               : sockpcb.oem4f (.text:SockPcbAttach)
                  00011dbc    0000002c               : lli.oem4f (.text:_LLIExpListRemove)
                  00011de8    0000002c               : lli.oem4f (.text:_LLITimeoutFlush)
                  00011e14    0000002c               : rtable.oem4f (.text:_RtExpListRemove)
                  00011e40    0000002c     httpget_pem4f.oem4f (.text:ti_sysbios_knl_Clock_doTick__I)
                  00011e6c    0000002c     httpget_pem4f.oem4f (.text:ti_sysbios_knl_Queue_construct)
                  00011e98    0000002c     sysbios.aem4f : BIOS.obj (.text:ti_sysbios_knl_Task_restore__E)
                  00011ec4    0000002c     ti.targets.arm.rtsarm.aem4f : Text.oem4f (.text:xdc_runtime_Text_cordText__E)
                  00011ef0    0000002a     driverlib.lib : gpio.obj (.text:GPIODirModeSet)
                  00011f1a    0000002a     stk.aem4f : pbm.oem4f (.text:PBMQ_deq)
                  00011f44    0000002a     netctrl_min_ipv4.aem4f : netsrv.oem4f (.text:ServiceCallback)
                  00011f6e    0000002a     nettool_ipv4.aem4f : config.oem4f (.text:_CfgRelease)
                  00011f98    0000002a     ti.targets.arm.rtsarm.aem4f : System.oem4f (.text:xdc_runtime_System_putchar__I)
                  00011fc2    00000002     --HOLE-- [fill = 0]
                  00011fc4    00000028     stk.aem4f : bind.oem4f (.text:BindFindByNet)
                  00011fec    00000028               : lli.oem4f (.text:LLIFree)
                  00012014    00000028     netctrl_min_ipv4.aem4f : netctrl.oem4f (.text:NC_SystemClose)
                  0001203c    00000028     stk.aem4f : nimu.oem4f (.text:NIMUCreatePacket)
                  00012064    00000028               : nimu.oem4f (.text:NIMUPacketService)
                  0001208c    00000028               : tcpin.oem4f (.text:TcpEnterTimeWait)
                  000120b4    00000028               : timer.oem4f (.text:TimerListRemove)
                  000120dc    00000028               : vlan.oem4f (.text:VLANFindSourceInterface)
                  00012104    00000028               : vlan.oem4f (.text:VLANInit)
                  0001212c    00000028     nettool_ipv4.aem4f : dhcpsock.oem4f (.text:dhcpPacketReceive)
                  00012154    00000028     drivers_tivaware.aem4f : EMACSnow.oem4f (.text:signalLinkChange)
                  0001217c    00000004     ti.targets.arm.rtsarm.aem4f : System.oem4f (.text:xdc_runtime_System_printf_va__F)
                  00012180    00000028     sysbios.aem4f : BIOS.obj (.text:ti_sysbios_knl_Swi_Module_startup__E)
                  000121a8    00000026     nettool_ipv4.aem4f : config.oem4f (.text:CfgEntryInfo)
                  000121ce    00000026     driverlib.lib : emac.obj (.text:EMACPHYRead)
                  000121f4    00000026                   : emac.obj (.text:EMACPHYWrite)
                  0001221a    00000026     stk.aem4f : rawethsock.oem4f (.text:RawEthSockClose)
                  00012240    00000026     sysbios.aem4f : m3_Hwi_asm.obj (.text:ti_sysbios_family_arm_m3_Hwi_pendSV__I)
                  00012266    00000026     ti.targets.arm.rtsarm.aem4f : System.oem4f (.text:xdc_runtime_System_avprintf__E)
                  0001228c    00000024     stk.aem4f : bind.oem4f (.text:BindFindByHost)
                  000122b0    00000024               : bind.oem4f (.text:BindGetIFByDBCast)
                  000122d4    00000024     drivers_tivaware.aem4f : EMACSnow.oem4f (.text:EMACSnow_pkt_service)
                  000122f8    00000024                            : EMACSnow.oem4f (.text:EMACSnow_primeRx)
                  0001231c    00000024     stk.aem4f : exec.oem4f (.text:ExecTimer)
                  00012340    00000024               : nimu.oem4f (.text:NIMUFindByIndex)
                  00012364    00000024               : rtc.oem4f (.text:RTCAddHook)
                  00012388    00000024               : rawethsock_pcb.oem4f (.text:RawEthSockPcbFind)
                  000123ac    00000024               : route.oem4f (.text:RtFree)
                  000123d0    00000024               : route.oem4f (.text:RtSetTimeout)
                  000123f4    00000024               : sockpcb.oem4f (.text:SockPcbCleanup)
                  00012418    00000024               : tcpprot.oem4f (.text:TcpPrListen)
                  0001243c    00000024               : tcptime.oem4f (.text:TcpTimeoutWait2)
                  00012460    00000024     nettool_ipv4.aem4f : config.oem4f (.text:_CfgEntryProcess)
                  00012484    00000024     httpget.obj (.text:getTimeStr)
                  000124a8    00000024     httpget_pem4f.oem4f (.text:ti_sysbios_BIOS_errorRaiseHook__I)
                  000124cc    00000024     httpget_pem4f.oem4f (.text:ti_sysbios_BIOS_registerRTSLock__I)
                  000124f0    00000024     httpget_pem4f.oem4f (.text:ti_sysbios_BIOS_removeRTSLock__I)
                  00012514    00000024     httpget_pem4f.oem4f (.text:ti_sysbios_BIOS_startFunc__I)
                  00012538    00000024     httpget_pem4f.oem4f (.text:ti_sysbios_gates_GateMutex_Object__delete__S)
                  0001255c    00000004     --HOLE-- [fill = 0]
                  00012560    00000024     sysbios.aem4f : BIOS.obj (.text:ti_sysbios_knl_Clock_Module_startup__E)
                  00012584    00000004     --HOLE-- [fill = 0]
                  00012588    00000024                   : BIOS.obj (.text:ti_sysbios_knl_Semaphore_Instance_init__E)
                  000125ac    00000024     httpget_pem4f.oem4f (.text:ti_sysbios_knl_Semaphore_Object__delete__S)
                  000125d0    00000024     sysbios.aem4f : BIOS.obj (.text:ti_sysbios_knl_Task_restoreHwi__E)
                  000125f4    00000024     ti.targets.arm.rtsarm.aem4f : System.oem4f (.text:xdc_runtime_System_vprintf__E)
                  00012618    00000022     nettool_ipv4.aem4f : config.oem4f (.text:CfgEntryRef)
                  0001263a    00000022     stk.aem4f : vlan.oem4f (.text:VLANFindNode)
                  0001265c    00000004     --HOLE-- [fill = 0]
                  00012660    00000022     sysbios.aem4f : BIOS.obj (.text:ti_sysbios_family_arm_lm4_Timer_write__I)
                  00012682    00000022     httpget_pem4f.oem4f (.text:xdc_runtime_SysMin_output__I)
                  000126a4    00000020     netctrl_min_ipv4.aem4f : netctrl.oem4f (.text:NC_BootComplete)
                  000126c4    00000020     stk.aem4f : nimu.oem4f (.text:NIMUGetNumOfObject)
                  000126e4    00000020               : rtc.oem4f (.text:RTCRemoveHook)
                  00012704    00000020               : tcp.oem4f (.text:TcpTimeoutRemove)
                  00012724    00000020     Boot.aem4f : Boot_sysctl.oem4f (.text:_SysCtlMemTimingGet)
                  00012744    00000020     httpget_pem4f.oem4f (.text:ti_sysbios_BIOS_rtsLock__I)
                  00012764    00000020     httpget_pem4f.oem4f (.text:ti_sysbios_family_arm_m3_Hwi_Object__delete__S)
                  00012784    00000020     sysbios.aem4f : m3_Hwi_asm.obj (.text:ti_sysbios_family_arm_m3_Hwi_excHandlerAsm__I)
                  000127a4    00000004     --HOLE-- [fill = 0]
                  000127a8    00000020                   : BIOS.obj (.text:ti_sysbios_family_arm_m3_Hwi_excHandler__I)
                  000127c8    00000020     httpget_pem4f.oem4f (.text:ti_sysbios_gates_GateHwi_Object__delete__S)
                  000127e8    00000020     httpget_pem4f.oem4f (.text:ti_sysbios_heaps_HeapMem_Object__delete__S)
                  00012808    00000020     sysbios.aem4f : BIOS.obj (.text:ti_sysbios_knl_Idle_run__E)
                  00012828    00000020     httpget_pem4f.oem4f (.text:ti_sysbios_knl_Semaphore_Object__destruct__S)
                  00012848    00000020     httpget_pem4f.oem4f (.text:ti_sysbios_knl_Swi_Object__delete__S)
                  00012868    00000020     httpget_pem4f.oem4f (.text:ti_sysbios_knl_Task_Object__delete__S)
                  00012888    00000020     ti.targets.arm.rtsarm.aem4f : Registry.oem4f (.text:xdc_runtime_Registry_findById__E)
                  000128a8    00000020                                 : SysMin.oem4f (.text:xdc_runtime_SysMin_Module_startup__E)
                  000128c8    0000001e     stk.aem4f : listlib.oem4f (.text:list_remove)
                  000128e6    0000001e     httpget.obj (.text:recv)
                  00012904    0000001e     httpget.obj (.text:send)
                  00012922    0000001e     rtsv7M4_T_le_v4SPD16_eabi.lib : strcat.c.obj (.text:strcat)
                  00012940    0000001e     sysbios.aem4f : m3_Hwi_asm_switch.obj (.text:ti_sysbios_family_xxx_Hwi_switchAndRunFunc)
                  0001295e    00000002     --HOLE-- [fill = 0]
                  00012960    0000001c     stk.aem4f : bind.oem4f (.text:BindFindByIF)
                  0001297c    0000001c               : exec.oem4f (.text:ExecBroadcast)
                  00012998    0000001c     os.aem4f : ossys.oem4f (.text:NDK_sprintf)
                  000129b4    0000001c     stk.aem4f : nimu.oem4f (.text:NIMUAddHeader)
                  000129d0    0000001c               : sockprot.oem4f (.text:SockPrDetach)
                  000129ec    0000001c     os.aem4f : task.oem4f (.text:TaskDestroy)
                  00012a08    0000001c     drivers_tivaware.aem4f : GPIOTiva.oem4f (.text:getGpioIntIndex)
                  00012a24    0000001c     httpget.obj (.text:getTemperature)
                  00012a40    0000001c     rtsv7M4_T_le_v4SPD16_eabi.lib : memccpy.c.obj (.text:memccpy)
                  00012a5c    0000001c     httpget_pem4f.oem4f (.text:ti_ndk_config_global_taskCreateHook)
                  00012a78    0000001c     sysbios.aem4f : BIOS.obj (.text:ti_sysbios_gates_GateMutex_Instance_init__E)
                  00012a94    0000001c     httpget_pem4f.oem4f (.text:ti_sysbios_knl_Queue_Object__destruct__S)
                  00012ab0    0000001c     sysbios.aem4f : BIOS.obj (.text:ti_sysbios_knl_Queue_put__E)
                  00012acc    00000004     --HOLE-- [fill = 0]
                  00012ad0    0000001c                   : BIOS.obj (.text:ti_sysbios_knl_Task_enter__I)
                  00012aec    0000001c     ti.targets.arm.rtsarm.aem4f : Error.oem4f (.text:xdc_runtime_Error_raiseX__E)
                  00012b08    0000001c                                 : Memory.oem4f (.text:xdc_runtime_Memory_valloc__E)
                  00012b24    0000001c                                 : SysMin.oem4f (.text:xdc_runtime_SysMin_exit__E)
                  00012b40    0000001c                                 : System.oem4f (.text:xdc_runtime_System_abort__E)
                  00012b5c    0000001a     stk.aem4f : bind.oem4f (.text:BindGetIP)
                  00012b76    0000001a               : sockint.oem4f (.text:SockSetOOBMark)
                  00012b90    0000001a     rtsv7M4_T_le_v4SPD16_eabi.lib : s_copysign.c.obj (.text:copysign)
                  00012baa    0000001a     stk.aem4f : file.oem4f (.text:fdint_getfdt)
                  00012bc4    0000001a     httpget_pem4f.oem4f (.text:ti_sysbios_family_arm_m3_Hwi_Handle__label__S)
                  00012bde    0000001a     httpget_pem4f.oem4f (.text:ti_sysbios_gates_GateHwi_Handle__label__S)
                  00012bf8    0000001a     httpget_pem4f.oem4f (.text:ti_sysbios_gates_GateMutex_Handle__label__S)
                  00012c12    0000001a     httpget_pem4f.oem4f (.text:ti_sysbios_heaps_HeapMem_Handle__label__S)
                  00012c2c    0000001a     httpget_pem4f.oem4f (.text:ti_sysbios_knl_Swi_Handle__label__S)
                  00012c46    0000001a     httpget_pem4f.oem4f (.text:ti_sysbios_knl_Task_Handle__label__S)
                  00012c60    0000001a     sysbios.aem4f : BIOS.obj (.text:ti_sysbios_knl_Task_sleepTimeout__I)
                  00012c7a    0000001a     httpget_pem4f.oem4f (.text:xdc_runtime_System_aprintf__E)
                  00012c94    0000001a     httpget_pem4f.oem4f (.text:xdc_runtime_System_printf__E)
                  00012cae    00000002     --HOLE-- [fill = 0]
                  00012cb0    00000018     drivers_tivaware.aem4f : EMACSnow.oem4f (.text:EMACSnow_emacSend)
                  00012cc8    00000018     stk.aem4f : ip.oem4f (.text:IPRtChange)
                  00012ce0    00000018               : rawethsock_pcb.oem4f (.text:RawEthSockPcbCleanup)
                  00012cf8    00000018     nettool_ipv4.aem4f : ipaddr.oem4f (.text:RouteHook)
                  00012d10    00000018     stk.aem4f : tcpin.oem4f (.text:SEQ_GEQ)
                  00012d28    00000018               : tcpout.oem4f (.text:SEQ_GEQ)
                  00012d40    00000018               : tcpin.oem4f (.text:SEQ_GT)
                  00012d58    00000018               : tcpout.oem4f (.text:SEQ_GT)
                  00012d70    00000018               : tcpin.oem4f (.text:SEQ_LEQ)
                  00012d88    00000018               : tcpout.oem4f (.text:SEQ_LEQ)
                  00012da0    00000018               : tcpin.oem4f (.text:SEQ_LT)
                  00012db8    00000018               : tcpout.oem4f (.text:SEQ_LT)
                  00012dd0    00000018               : tcp.oem4f (.text:TcpTimeoutAdd)
                  00012de8    00000018     rtsv7M4_T_le_v4SPD16_eabi.lib : args_main.c.obj (.text:_args_main)
                  00012e00    00000018                                   : sprintf.c.obj (.text:_outs)
                  00012e18    00000018     nettool_ipv4.aem4f : dhcpsock.oem4f (.text:dhcpSocketClose)
                  00012e30    00000018     stk.aem4f : listlib.oem4f (.text:list_add)
                  00012e48    00000018     rtsv7M4_T_le_v4SPD16_eabi.lib : strcmp.c.obj (.text:strcmp)
                  00012e60    00000018     httpget_pem4f.oem4f (.text:ti_sysbios_BIOS_rtsUnlock__I)
                  00012e78    00000018     httpget_pem4f.oem4f (.text:ti_sysbios_family_arm_lm4_Timer_Module__startupDone__F)
                  00012e90    00000018     httpget_pem4f.oem4f (.text:ti_sysbios_family_arm_m3_Hwi_Module__startupDone__F)
                  00012ea8    00000018     sysbios.aem4f : m3_TaskSupport_asm.obj (.text:ti_sysbios_family_arm_m3_TaskSupport_swap__E)
                  00012ec0    00000018                   : BIOS.obj (.text:ti_sysbios_gates_GateMutex_leave__E)
                  00012ed8    00000018     ti.targets.arm.rtsarm.aem4f : Error.oem4f (.text:xdc_runtime_Error_check__E)
                  00012ef0    00000018                                 : System.oem4f (.text:xdc_runtime_System_exit__E)
                  00012f08    00000018                                 : Text.oem4f (.text:xdc_runtime_Text_ropeText__E)
                  00012f20    00000016     driverlib.lib : emac.obj (.text:EMACReset)
                  00012f36    00000016                   : emac.obj (.text:EMACRxEnable)
                  00012f4c    00000016                   : emac.obj (.text:EMACTxEnable)
                  00012f62    00000016     stk.aem4f : file.oem4f (.text:fdint_freefdt)
                  00012f78    00000016     rtsv7M4_T_le_v4SPD16_eabi.lib : strchr.c.obj (.text:strchr)
                  00012f8e    00000016     httpget_pem4f.oem4f (.text:ti_sysbios_BIOS_exitFunc__I)
                  00012fa4    00000016     httpget.obj (.text:ti_sysbios_knl_Task_Params_init)
                  00012fba    00000016     ti.targets.arm.rtsarm.aem4f : System.oem4f (.text:xdc_runtime_System_vsprintf__E)
                  00012fd0    00000014     stk.aem4f : bind.oem4f (.text:BindIPHost2IF)
                  00012fe4    00000014     driverlib.lib : flash.obj (.text:FlashUserGet)
                  00012ff8    00000014     netctrl_min_ipv4.aem4f : netctrl.oem4f (.text:NC_NetStop)
                  0001300c    00000014     os.aem4f : task.oem4f (.text:NDK_hookExit)
                  00013020    00000014     stk.aem4f : nimu.oem4f (.text:NIMUSendPacket)
                  00013034    00000014     nettool_ipv4.aem4f : ipaddr.oem4f (.text:NtRemoveNetwork)
                  00013048    00000014     stk.aem4f : rawethsock_pcb.oem4f (.text:RawEthSockPcbInit)
                  0001305c    00000014               : timer.oem4f (.text:TimerFree)
                  00013070    00000014     httpget.obj (.text:accept)
                  00013084    00000014     httpget.obj (.text:bind)
                  00013098    00000014     httpget.obj (.text:connect)
                  000130ac    00000014     httpget.obj (.text:socket)
                  000130c0    00000014     rtsv7M4_T_le_v4SPD16_eabi.lib : strcpy.c.obj (.text:strcpy)
                  000130d4    00000014                                   : strlen.c.obj (.text:strlen)
                  000130e8    00000014     httpget_pem4f.oem4f (.text:ti_ndk_config_global_taskExitHook)
                  000130fc    00000014     httpget_pem4f.oem4f (.text:ti_sysbios_family_arm_m3_Hwi_Object__get__S)
                  00013110    00000014     sysbios.aem4f : BIOS.obj (.text:ti_sysbios_family_arm_m3_Hwi_switchFromBootStack__E)
                  00013124    00000014     httpget_pem4f.oem4f (.text:ti_sysbios_heaps_HeapMem_Object__get__S)
                  00013138    00000014     httpget_pem4f.oem4f (.text:ti_sysbios_knl_Mailbox_Object__get__S)
                  0001314c    00000014     httpget_pem4f.oem4f (.text:ti_sysbios_knl_Swi_Object__get__S)
                  00013160    00000014     httpget_pem4f.oem4f (.text:ti_sysbios_knl_Task_Object__first__S)
                  00013174    00000014     httpget_pem4f.oem4f (.text:ti_sysbios_knl_Task_Object__next__S)
                  00013188    00000012     driverlib.lib : gpio.obj (.text:GPIOPinTypeEthernetLED)
                  0001319a    00000012     stk.aem4f : sockprot.oem4f (.text:SockPrAttach)
                  000131ac    00000012               : sockint.oem4f (.text:SockSetOOBData)
                  000131be    00000012     rtsv7M4_T_le_v4SPD16_eabi.lib : atof.c.obj (.text:atof)
                  000131d0    00000012     httpget.obj (.text:netIPAddrHook)
                  000131e2    00000006     driverlib.lib : emac.obj (.text:EMACTxDMADescriptorListSet)
                  000131e8    00000012     sysbios.aem4f : BIOS.obj (.text:ti_sysbios_hal_Hwi_Module_startup__E)
                  000131fa    00000006     driverlib.lib : gpio.obj (.text:GPIOIntClear)
                  00013200    00000012     sysbios.aem4f : BIOS.obj (.text:ti_sysbios_knl_Semaphore_reset__E)
                  00013212    00000012     rtsv7M4_T_le_v4SPD16_eabi.lib : wcslen.c.obj (.text:wcslen)
                  00013224    00000012     httpget_pem4f.oem4f (.text:xdc_runtime_Startup_exec__I)
                  00013236    00000002     --HOLE-- [fill = 0]
                  00013238    00000010     httpget_pem4f.oem4f (.text:.bootCodeSection:ti_catalog_arm_cortexm4_tiva_ce_Boot_init__I)
                  00013248    00000010     stk.aem4f : bind.oem4f (.text:BindIF2IPHost)
                  00013258    00000010               : bind.oem4f (.text:BindIFNet2IPHost)
                  00013268    00000010     driverlib.lib : emac.obj (.text:EMACFrameFilterSet)
                  00013278    00000010     stk.aem4f : exec.oem4f (.text:ExecHRef)
                  00013288    00000010     netctrl_min_ipv4.aem4f : netctrl.oem4f (.text:NC_IPUpdate)
                  00013298    00000010     stk.aem4f : nimu.oem4f (.text:NIMUGetRsvdSizeInfo)
                  000132a8    00000010     httpget.obj (.text:listen)
                  000132b8    00000010     sysbios.aem4f : BIOS.obj (.text:ti_sysbios_BIOS_exit__E)
                  000132c8    00000010                   : BIOS.obj (.text:ti_sysbios_BIOS_getCpuFreq__E)
                  000132d8    00000010                   : BIOS.obj (.text:ti_sysbios_BIOS_setThreadType__E)
                  000132e8    00000010                   : BIOS.obj (.text:ti_sysbios_BIOS_start__E)
                  000132f8    00000010                   : m3_TaskSupport_asm.obj (.text:ti_sysbios_family_arm_m3_TaskSupport_glue)
                  00013308    00000010                   : BIOS.obj (.text:ti_sysbios_gates_GateMutex_Instance_finalize__E)
                  00013318    00000010                   : BIOS.obj (.text:ti_sysbios_knl_Semaphore_Instance_finalize__E)
                  00013328    00000010                   : BIOS.obj (.text:ti_sysbios_knl_Swi_disable__E)
                  00013338    00000010     httpget_pem4f.oem4f (.text:ti_sysbios_knl_Task_Object__get__S)
                  00013348    00000010     sysbios.aem4f : BIOS.obj (.text:ti_sysbios_knl_Task_disable__E)
                  00013358    00000010     ti.targets.arm.rtsarm.aem4f : Gate.oem4f (.text:xdc_runtime_Gate_leaveSystem__E)
                  00013368    00000010                                 : Memory.oem4f (.text:xdc_runtime_Memory_free__E)
                  00013378    00000010                                 : SysMin.oem4f (.text:xdc_runtime_SysMin_ready__E)
                  00013388    00000010                                 : System.oem4f (.text:xdc_runtime_System_vsnprintf__E)
                  00013398    00000010     httpget_pem4f.oem4f (.text:xdc_runtime_Text_visitRope__I)
                  000133a8    0000000e     drivers_tivaware.aem4f : EMACSnow.oem4f (.text:EMACSnow_emacioctl)
                  000133b6    0000000e     stk.aem4f : exec.oem4f (.text:ExecLowResource)
                  000133c4    0000000e     driverlib.lib : gpio.obj (.text:GPIOIntStatus)
                  000133d2    0000000e     rtsv7M4_T_le_v4SPD16_eabi.lib : copy_decompress_none.c.obj (.text:decompress:none:__TI_decompress_none)
                  000133e0    0000000e     sysbios.aem4f : BIOS.obj (.text:ti_sysbios_knl_Idle_loop__E)
                  000133ee    00000002     --HOLE-- [fill = 0]
                  000133f0    0000000e                   : BIOS.obj (.text:ti_sysbios_knl_Queue_empty__E)
                  000133fe    00000002     --HOLE-- [fill = 0]
                  00013400    0000000c     stk.aem4f : bind.oem4f (.text:BindGetFirst)
                  0001340c    0000000c     nettool_ipv4.aem4f : config.oem4f (.text:CfgSetDefault)
                  00013418    0000000c     drivers_tivaware.aem4f : EMACSnow.oem4f (.text:EMACSnow_init)
                  00013424    0000000c     os.aem4f : task.oem4f (.text:NDK_hookInit)
                  00013430    0000000c     stk.aem4f : nimu.oem4f (.text:NIMUSetRsvdSizeInfo)
                  0001343c    0000000c     os.aem4f : task.oem4f (.text:NotifyLowResource)
                  00013448    0000000c     stk.aem4f : pbm.oem4f (.text:PBM_close)
                  00013454    0000000c     os.aem4f : semaphore.oem4f (.text:SemDelete)
                  00013460    0000000c     hal_timer_bios.aem4f : lltimer.oem4f (.text:_llTimerShutdown)
                  0001346c    0000000c     rtsv7M4_T_le_v4SPD16_eabi.lib : _lock.c.obj (.text:_register_lock)
                  00013478    0000000c                                   : _lock.c.obj (.text:_register_unlock)
                  00013484    0000000c     httpget.obj (.text:close)
                  00013490    0000000c     rtsv7M4_T_le_v4SPD16_eabi.lib : copy_zero_init.c.obj (.text:decompress:ZI:__TI_zero_init)
                  0001349c    0000000c     hal_timer_bios.aem4f : lltimer.oem4f (.text:llTimerGetStartTime)
                  000134a8    0000000c     sysbios.aem4f : BIOS.obj (.text:ti_sysbios_BIOS_getThreadType__E)
                  000134b4    00000004     --HOLE-- [fill = 0]
                  000134b8    0000000c                   : BIOS.obj (.text:ti_sysbios_family_arm_lm4_Timer_getMaxTicks__E)
                  000134c4    0000000c     httpget_pem4f.oem4f (.text:ti_sysbios_family_arm_m3_Hwi_Params__init__S)
                  000134d0    0000000c     sysbios.aem4f : BIOS.obj (.text:ti_sysbios_family_arm_m3_Hwi_disableFxn__E)
                  000134dc    00000004     --HOLE-- [fill = 0]
                  000134e0    0000000c                   : BIOS.obj (.text:ti_sysbios_family_arm_m3_TaskSupport_checkStack__E)
                  000134ec    00000004     --HOLE-- [fill = 0]
                  000134f0    0000000c                   : BIOS.obj (.text:ti_sysbios_family_arm_m3_TaskSupport_getStackAlignment__E)
                  000134fc    00000004     --HOLE-- [fill = 0]
                  00013500    0000000c                   : BIOS.obj (.text:ti_sysbios_gates_GateHwi_enter__E)
                  0001350c    0000000c     httpget_pem4f.oem4f (.text:ti_sysbios_knl_Clock_Params__init__S)
                  00013518    0000000c     sysbios.aem4f : BIOS.obj (.text:ti_sysbios_knl_Clock_getTicks__E)
                  00013524    0000000c     httpget_pem4f.oem4f (.text:ti_sysbios_knl_Queue_Object__get__S)
                  00013530    0000000c     httpget_pem4f.oem4f (.text:ti_sysbios_knl_Semaphore_Params__init__S)
                  0001353c    0000000c     httpget_pem4f.oem4f (.text:ti_sysbios_knl_Task_Params__init__S)
                  00013548    0000000c     sysbios.aem4f : BIOS.obj (.text:ti_sysbios_knl_Task_getIdleTask__E)
                  00013554    00000004     --HOLE-- [fill = 0]
                  00013558    0000000c                   : BIOS.obj (.text:ti_sysbios_knl_Task_self__E)
                  00013564    0000000c     ti.targets.arm.rtsarm.aem4f : Error.oem4f (.text:xdc_runtime_Error_init__E)
                  00013570    0000000c                                 : Gate.oem4f (.text:xdc_runtime_Gate_enterSystem__E)
                  0001357c    0000000c                                 : Memory.oem4f (.text:xdc_runtime_Memory_calloc__E)
                  00013588    0000000c                                 : Memory.oem4f (.text:xdc_runtime_Memory_getMaxDefaultTypeAlign__E)
                  00013594    0000000a     rtsv7M4_T_le_v4SPD16_eabi.lib : sprintf.c.obj (.text:_outc)
                  0001359e    0000000a     stk.aem4f : file.oem4f (.text:fdint_signalevent)
                  000135a8    0000000a               : file.oem4f (.text:fdint_signaltimeout)
                  000135b2    0000000a     httpget_pem4f.oem4f (.text:xdc_runtime_IHeap_alloc)
                  000135bc    0000000a     httpget_pem4f.oem4f (.text:xdc_runtime_IHeap_free)
                  000135c6    00000008     EK_TM4C1294XL.obj (.text:EK_TM4C1294XL_initGPIO)
                  000135ce    00000008     driverlib.lib : emac.obj (.text:EMACTxDMAPollDemand)
                  000135d6    00000008     stk.aem4f : node.oem4f (.text:NodeFree)
                  000135de    00000008     os.aem4f : task.oem4f (.text:TaskBlock)
                  000135e6    00000002     --HOLE-- [fill = 0]
                  000135e8    00000008     rtsv7M4_T_le_v4SPD16_eabi.lib : errno.c.obj (.text:__aeabi_errno_addr)
                  000135f0    00000008     sysbios.aem4f : BIOS.obj (.text:ti_sysbios_family_arm_lm4_Timer_masterDisable__I)
                  000135f8    00000008                   : BIOS.obj (.text:ti_sysbios_family_arm_m3_Hwi_doSwiRestore__I)
                  00013600    00000008                   : BIOS.obj (.text:ti_sysbios_family_arm_m3_Hwi_startup__E)
                  00013608    00000008                   : BIOS.obj (.text:ti_sysbios_knl_Task_getHookContext__E)
                  00013610    00000008                   : BIOS.obj (.text:ti_sysbios_knl_Task_setHookContext__E)
                  00013618    00000006     driverlib.lib : gpio.obj (.text:GPIOPinWrite)
                  0001361e    00000006                   : sysctl.obj (.text:SysCtlDelay)
                  00013624    00000006     stk.aem4f : tcpprot.oem4f (.text:TcpPrRecv)
                  0001362a    00000006     ti.targets.arm.rtsarm.aem4f : xdc_noinit.oem4f (.text:__xdc__init)
                  00013630    00000006     sysbios.aem4f : BIOS.obj (.text:ti_sysbios_family_arm_m3_Hwi_doTaskRestore__I)
                  00013636    00000002     --HOLE-- [fill = 0]
                  00013638    00000006                   : BIOS.obj (.text:ti_sysbios_family_arm_m3_Hwi_restoreFxn__E)
                  0001363e    00000002     --HOLE-- [fill = 0]
                  00013640    00000006                   : BIOS.obj (.text:ti_sysbios_gates_GateHwi_leave__E)
[...]
00015830  ti_sysbios_knl_Clock_Object__PARAMS__C                               
00015854  ti_sysbios_knl_Semaphore_Object__PARAMS__C                           
00015878  xdc_runtime_Startup_sfxnTab__A                                       
0001589c  ti_sysbios_family_arm_m3_Hwi_Object__DESC__C                         
000158bc  ti_sysbios_gates_GateHwi_Object__DESC__C                             
000158dc  ti_sysbios_gates_GateMutex_Object__DESC__C                           
000158fc  ti_sysbios_heaps_HeapMem_Object__DESC__C                             
0001591c  ti_sysbios_knl_Clock_Object__DESC__C                                 
0001593c  ti_sysbios_knl_Queue_Object__DESC__C                                 
0001595c  ti_sysbios_knl_Semaphore_Object__DESC__C                             
0001597c  ti_sysbios_knl_Swi_Object__DESC__C                                   
0001599c  ti_sysbios_knl_Task_Object__DESC__C                                  
000159bc  EMAC_config                                                          
000159ec  ti_sysbios_gates_GateHwi_Object__PARAMS__C                           
00015a04  ti_sysbios_gates_GateMutex_Object__PARAMS__C                         
00015a1c  ti_sysbios_knl_Queue_Object__PARAMS__C                               
00015a34  ti_sysbios_knl_Task_hooks__A                                         
00015a4c  GPIOTiva_config                                                      
00015a60  xdc_runtime_Startup_firstFxns__A                                     
00015a74  xdc_runtime_Startup_sfxnRts__A                                       
00015a86  ti_sysbios_heaps_HeapMem_Module__id__C                               
00015a88  emacHWAttrs                                                          
00015aa0  EMACSnow_fxnTable                                                    
00015aa8  ti_sysbios_family_arm_m3_Hwi_excHookFuncs__A                         
00015ab0  ti_sysbios_knl_Idle_funcList__A                                      
00015ab8  ti_sysbios_knl_Idle_funcList__C                                      
00015ac0  ti_sysbios_knl_Task_hooks__C                                         
00015ac8  xdc_runtime_Startup_firstFxns__C                                     
00015ad0  xdc_runtime_Startup_lastFxns__C                                      
00015ad8  ti_catalog_arm_cortexm4_tiva_ce_Boot_A_mustNotUseEnhancedClockMode__C
00015adc  ti_catalog_arm_cortexm4_tiva_ce_Boot_Module__diagsEnabled__C         
00015ae0  ti_catalog_arm_cortexm4_tiva_ce_Boot_Module__diagsIncluded__C        
00015ae4  ti_catalog_arm_cortexm4_tiva_ce_Boot_Module__diagsMask__C            
00015ae8  ti_sysbios_family_arm_lm4_Timer_enableFunc__C                        
00015aec  ti_sysbios_family_arm_lm4_Timer_numTimerDevices__C                   
00015af0  ti_sysbios_family_arm_lm4_Timer_startupNeeded__C                     
00015af4  ti_sysbios_family_arm_m3_Hwi_E_NMI__C                                
00015af8  ti_sysbios_family_arm_m3_Hwi_E_alreadyDefined__C                     
00015afc  ti_sysbios_family_arm_m3_Hwi_E_busFault__C                           
00015b00  ti_sysbios_family_arm_m3_Hwi_E_debugMon__C                           
00015b04  ti_sysbios_family_arm_m3_Hwi_E_hardFault__C                          
00015b08  ti_sysbios_family_arm_m3_Hwi_E_memFault__C                           
00015b0c  ti_sysbios_family_arm_m3_Hwi_E_noIsr__C                              
00015b10  ti_sysbios_family_arm_m3_Hwi_E_reserved__C                           
00015b14  ti_sysbios_family_arm_m3_Hwi_E_svCall__C                             
00015b18  ti_sysbios_family_arm_m3_Hwi_E_usageFault__C                         
00015b1c  ti_sysbios_family_arm_m3_Hwi_NUM_INTERRUPTS__C                       
00015b20  ti_sysbios_family_arm_m3_Hwi_Object__count__C                        
00015b24  ti_sysbios_family_arm_m3_Hwi_ccr__C                                  
00015b28  ti_sysbios_family_arm_m3_Hwi_excHandlerFunc__C                       
00015b2c  ti_sysbios_family_arm_m3_Hwi_excHookFuncs__C                         
00015b30  ti_sysbios_family_arm_m3_Hwi_nullIsrFunc__C                          
00015b34  ti_sysbios_family_arm_m3_Hwi_priGroup__C                             
00015b38  ti_sysbios_family_arm_m3_TaskSupport_stackAlignment__C               
00015b3c  ti_sysbios_gates_GateMutex_Instance_State_sem__O                     
00015b40  ti_sysbios_hal_Hwi_E_stackOverflow__C                                
00015b44  ti_sysbios_heaps_HeapMem_E_memory__C                                 
00015b48  ti_sysbios_heaps_HeapMem_Module__gateObj__C                          
00015b4c  ti_sysbios_heaps_HeapMem_Object__count__C                            
00015b50  ti_sysbios_heaps_HeapMem_reqAlign__C                                 
00015b54  ti_sysbios_knl_Clock_Module_State_clockQ__O                          
00015b58  ti_sysbios_knl_Mailbox_Instance_State_freeQue__O                     
00015b5c  ti_sysbios_knl_Mailbox_Object__count__C                              
00015b60  ti_sysbios_knl_Mailbox_maxTypeAlign__C                               
00015b64  ti_sysbios_knl_Semaphore_Instance_State_pendQ__O                     
00015b68  ti_sysbios_knl_Swi_Object__count__C                                  
00015b6c  ti_sysbios_knl_Task_E_deleteNotAllowed__C                            
00015b70  ti_sysbios_knl_Task_E_spOutOfBounds__C                               
00015b74  ti_sysbios_knl_Task_E_stackOverflow__C                               
00015b78  ti_sysbios_knl_Task_Module_State_inactiveQ__O                        
00015b7c  ti_sysbios_knl_Task_Module_State_terminatedQ__O                      
00015b80  ti_sysbios_knl_Task_Object__count__C                                 
00015b84  ti_sysbios_knl_Task_Object__heap__C                                  
00015b88  ti_sysbios_knl_Task_allBlockedFunc__C                                
00015b8c  ti_sysbios_knl_Task_defaultStackHeap__C                              
00015b90  ti_sysbios_knl_Task_defaultStackSize__C                              
00015b94  ti_sysbios_knl_Task_numConstructedTasks__C                           
00015b98  xdc_runtime_Assert_E_assertFailed__C                                 
00015b9c  xdc_runtime_Core_A_initializedParams__C                              
00015ba0  xdc_runtime_Core_Module__diagsEnabled__C                             
00015ba4  xdc_runtime_Core_Module__diagsIncluded__C                            
00015ba8  xdc_runtime_Core_Module__diagsMask__C                                
00015bac  xdc_runtime_Error_E_memory__C                                        
00015bb0  xdc_runtime_Error_Module__diagsEnabled__C                            
00015bb4  xdc_runtime_Error_Module__diagsIncluded__C                           
00015bb8  xdc_runtime_Error_Module__diagsMask__C                               
00015bbc  xdc_runtime_Error_Module__loggerFxn8__C                              
00015bc0  xdc_runtime_Error_Module__loggerObj__C                               
00015bc4  xdc_runtime_Error_policyFxn__C                                       
00015bc8  xdc_runtime_Error_raiseHook__C                                       
00015bcc  xdc_runtime_IGateProvider_Interface__BASE__C                         
00015bd0  xdc_runtime_IHeap_Interface__BASE__C                                 
00015bd4  xdc_runtime_IModule_Interface__BASE__C                               
00015bd8  xdc_runtime_Log_L_error__C                                           
00015bdc  xdc_runtime_Memory_defaultHeapInstance__C                            
00015be0  xdc_runtime_Startup_execImpl__C                                      
00015be4  xdc_runtime_Startup_maxPasses__C                                     
00015be8  xdc_runtime_Startup_sfxnRts__C                                       
00015bec  xdc_runtime_Startup_sfxnTab__C                                       
00015bf0  xdc_runtime_SysMin_bufSize__C                                        
00015bf4  xdc_runtime_SysMin_outputFunc__C                                     
00015bf8  xdc_runtime_System_Module__gateObj__C                                
00015bfc  xdc_runtime_System_abortFxn__C                                       
00015c00  xdc_runtime_System_exitFxn__C                                        
00015c04  xdc_runtime_System_extendFxn__C                                      
00015c08  xdc_runtime_System_maxAtexitHandlers__C                              
00015c0c  xdc_runtime_Text_charTab__C                                          
00015c10  xdc_runtime_Text_nameEmpty__C                                        
00015c14  xdc_runtime_Text_nameStatic__C                                       
00015c18  xdc_runtime_Text_nameUnknown__C                                      
00015c1c  xdc_runtime_Text_nodeTab__C                                          
00015c20  xdc_runtime_Text_visitRopeFxn__C                                     
00015c24  ti_sysbios_knl_Task_Module__id__C                                    
00015c26  xdc_runtime_Core_Module__id__C                                       
00015c28  xdc_runtime_Error_Module__loggerDefined__C                           
00015c2a  xdc_runtime_Error_maxDepth__C                                        
00015c2c  xdc_runtime_Memory_Module__id__C                                     
00015c2e  xdc_runtime_SysMin_flushAtExit__C                                    
00015c30  xdc_runtime_Text_charCnt__C                                          
00015c32  xdc_runtime_Text_isLoaded__C                                         
00015c34  xdc_runtime_Text_registryModsLastId__C                               
00015c36  xdc_runtime_Text_unnamedModsLastId__C                                
00015c38  xdc_runtime_Error_policy__C                                          
00015c40  __TI_static_base__                                                   
00016048  __TI_Handler_Table_Base                                              
00016054  __TI_Handler_Table_Limit                                             
00016068  __TI_CINIT_Base                                                      
00016080  __TI_CINIT_Limit                                                     
20000000  __start___llvm_prf_cnts                                              
20000000  __stop___llvm_prf_cnts                                               
20000000  ti_sysbios_family_arm_m3_Hwi_ramVectors                              
20000380  ti_ndk_config_Global_pit                                             
20000498  ti_ndk_config_Global_pitBuffer                                       
20018b38  ti_sysbios_heaps_HeapMem_Instance_State_0_buf__A                     
20020b78  emacObjects                                                          
20020b80  ti_ndk_config_Global_pBufMem                                         
20024780  ti_ndk_config_Global_pHdrMem                                         
20024a78  ti_sysbios_knl_Task_Instance_State_0_stack__A                        
20025078  ti_sysbios_knl_Task_Instance_State_1_stack__A                        
20025278  ti_sysbios_family_arm_m3_Hwi_dispatchTable                           
200255d8  __CIOBUF_                                                            
200257f8  tcps                                                                 
20025968  ti_sysbios_knl_Mailbox_Instance_State_0_allocBuf__A                  
20025a08  ti_sysbios_knl_Mailbox_Instance_State_1_allocBuf__A                  
20025aa8  ti_sysbios_knl_Mailbox_Instance_State_2_allocBuf__A                  
20025cf8  xdc_runtime_SysMin_Module_State_0_outbuf__A                          
20025d78  ips                                                                  
20025de0  nimu_mcb                                                             
20025e44  _ICMPIn                                                              
20025e90  _ICMPOut                                                             
20025edc  vlan_mcb                                                             
20025f28  udps                                                                 
20025f4c  BlockCount                                                           
20025f68  BlockMax                                                             
20025f84  PageCount                                                            
20025fa0  PageMax                                                              
20025fbc  stkEvent                                                             
20025ffc  tempstr                                                              
20026020  raweths                                                              
20026030  raws                                                                 
20026040  PBMQ_free                                                            
2002604c  tpseudo                                                              
20026058  upseudo                                                              
20026064  parmbuf                                                              
2002608c  _IGMPInDiscard                                                       
20026090  _IGMPInQuery                                                         
20026094  _IGMPInQueryGroup                                                    
20026098  _IGMPInResponse                                                      
2002609c  _IGMPOutResponse                                                     
200260a0  g_ulStatus                                                           
200260b4  raweth_pcb                                                           
200260b8  ti_sysbios_knl_Task_Instance_State_0_hookEnv__A                      
200260bc  ti_sysbios_knl_Task_Instance_State_1_hookEnv__A                      
200260c0  ti_sysbios_knl_Mailbox_Object__table__V                              
200261b0  _ipcfg                                                               
20026264  ti_sysbios_knl_Task_Object__table__V                                 
200262fc  ti_sysbios_knl_Swi_Module_State_0_readyQ__A                          
2002637c  ti_sysbios_knl_Task_Module_State_0_readyQ__A                         
2002644a  ti_sysbios_family_arm_m3_Hwi_Module_State_0_excActive__A             
2002644c  ti_sysbios_knl_Task_Module__state__V                                 
20026510  ti_sysbios_family_arm_lm4_Timer_Module_State_0_device__A             
20026550  ti_sysbios_family_arm_lm4_Timer_Object__table__V                     
20026590  ti_sysbios_gates_GateMutex_Object__table__V                          
200265fc  ti_sysbios_family_arm_m3_Hwi_Module__state__V                        
20026630  enablePrefetch                                                       
20026634  phyCounter                                                           
20026662  xdc_runtime_Error_Module__state__V                                   
20026694  ti_sysbios_knl_Swi_Object__table__V                                  
200266c4  ti_sysbios_knl_Clock_Module__state__V                                
200266f0  pstrMsgName                                                          
20026718  ti_sysbios_knl_Semaphore_Object__table__V                            
20026740  _oscfg                                                               
20026764  PITCount                                                             
20026768  PITUsed                                                              
2002676c  PITHigh                                                              
20026788  ti_sysbios_BIOS_Module__state__V                                     
200267ac  ti_sysbios_family_arm_lm4_Timer_Module_State_0_handles__A            
200267e8  ti_ndk_config_Global_Id2Size                                         
20026804  ti_sysbios_knl_Swi_Module__state__V                                  
20026868  ti_sysbios_family_arm_m3_Hwi_Object__table__V                        
20026880  ti_sysbios_heaps_HeapMem_Object__table__V                            
200268d4  gpioPinConfigs                                                       
200268ec  _IGMPForceVersion1                                                   
200268f4  ti_sysbios_family_arm_lm4_Timer_Module__state__V                     
20026900  xdc_runtime_SysMin_Module__state__V                                  
20026918  _lock                                                                
2002691c  _unlock                                                              
20026920  NIMUDeviceTable                                                      
20026928  gpioCallbackFunctions                                                
20026930  ti_ndk_config_Global_HostName                                        
20026934  __xdc__init__addr                                                    
20026948  _ICMPInErrors                                                        
2002694c  _ICMPOutErrors                                                       
20026950  _IPExecuting                                                         
20026968  tcp_iss                                                              
2002696c  ptTimeFirst                                                          
20026978  ti_sysbios_family_arm_m3_Hwi_Module__root__V                         
20026980  ti_sysbios_gates_GateHwi_Module__root__V                             
20026988  ti_sysbios_gates_GateMutex_Module__root__V                           
20026990  ti_sysbios_heaps_HeapMem_Module__root__V                             
20026998  ti_sysbios_knl_Clock_Module__root__V                                 
200269a0  ti_sysbios_knl_Queue_Module__root__V                                 
200269a8  ti_sysbios_knl_Semaphore_Module__root__V                             
200269b0  ti_sysbios_knl_Swi_Module__root__V                                   
200269b8  ti_sysbios_knl_Task_Module__root__V                                  
200269c0  xdc_runtime_Registry_Module__state__V                                
200269c8  xdc_runtime_Startup_Module__state__V                                 
200269d0  xdc_runtime_System_Module_State_0_atexitHandlers__A                  
200269d8  xdc_runtime_System_Module__state__V                                  
200269e0  macAddress                                                           
20026a00  errno                                                                
20026a04  main_func_sp                                                         
20026a0c  _IPReasmPtr                                                          
20026a1c  ti_sysbios_family_arm_m3_Hwi_Module_State_0_excContext__A            
20026a20  ti_sysbios_family_arm_m3_Hwi_Module_State_0_excStack__A              
20026a24  ti_sysbios_gates_GateHwi_Object__table__V                            
20026a28  ti_sysbios_knl_Task_Module_State_0_idleTask__A                       
20026a2c  xdc_runtime_Memory_Module__state__V                                  
20026a30  __stack                                                              
20027230  __STACK_END                                                          
e000e000  ti_sysbios_family_arm_m3_Hwi_nvic                                    
ffffffff  __TI_pprof_out_hndl                                                  
ffffffff  __TI_prof_data_size                                                  
ffffffff  __TI_prof_data_start                                                 
ffffffff  __binit__                                                            
ffffffff  __c_args__                                                           
ffffffff  binit                                                                
UNDEFED   SHT$$INIT_ARRAY$$Base                                                
UNDEFED   SHT$$INIT_ARRAY$$Limit                                               

[1032 symbols]
